#
# A fatal error has been detected by the Java Runtime Environment:
#
#  EXCEPTION_IN_PAGE_ERROR (0xc0000006) at pc=0x00007ffb4266132c, pid=10824, tid=10896
#
# JRE version: OpenJDK Runtime Environment (21.0.8) (build 21.0.8+-14196175-b1038.72)
# Java VM: OpenJDK 64-Bit Server VM (21.0.8+-14196175-b1038.72, mixed mode, tiered, compressed oops, compressed class ptrs, g1 gc, windows-amd64)
# Problematic frame:
# C  [jimage.dll+0x132c]
#
# No core dump will be written. Minidumps are not enabled by default on client versions of Windows
#
# If you would like to submit a bug report, please visit:
#   https://youtrack.jetbrains.com/issues/JBR
#

---------------  S U M M A R Y ------------

Command Line: -Xmx64m -Xms64m -Dorg.gradle.appname=gradlew C:\APUMIR\p2p-messenger\android-app\\gradle\wrapper\gradle-wrapper.jar :app:assembleDebug

Host: Intel(R) Core(TM) i7-7700 CPU @ 3.60GHz, 8 cores, 15G,  Windows 10 , 64 bit Build 19041 (10.0.19041.3636)
Time: Tue Jul 28 19:09:11 2026 elapsed time: 48.466581 seconds (0d 0h 0m 48s)

---------------  T H R E A D  ---------------

Current thread (0x000001c1d1bdfdf0):  JavaThread "main"             [_thread_in_vm, id=10896, stack(0x0000004eea800000,0x0000004eea900000) (1024K)]

Stack: [0x0000004eea800000,0x0000004eea900000],  sp=0x0000004eea8faf10,  free space=1003k
Native frames: (J=compiled Java code, j=interpreted, Vv=VM code, C=native code)
C  [jimage.dll+0x132c]
C  [jimage.dll+0x1e87]
C  [jimage.dll+0x1f1e]
C  [jimage.dll+0x265a]
V  [jvm.dll+0x21ee05]
V  [jvm.dll+0x21dc82]
V  [jvm.dll+0x7ddccc]
V  [jvm.dll+0x7ded62]
V  [jvm.dll+0x7df324]
V  [jvm.dll+0x7defb8]
V  [jvm.dll+0x4792d8]
C  [java.dll+0x13e9]

Java frames: (J=compiled Java code, j=interpreted, Vv=VM code)
J 1122  java.lang.Class.forName0(Ljava/lang/String;ZLjava/lang/ClassLoader;Ljava/lang/Class;)Ljava/lang/Class; java.base@21.0.8 (0 bytes) @ 0x000001c1debc1157 [0x000001c1debc10c0+0x0000000000000097]
j  java.lang.Class.forName(Ljava/lang/String;Ljava/lang/Class;)Ljava/lang/Class;+19 java.base@21.0.8
j  java.lang.Class.forName(Ljava/lang/String;)Ljava/lang/Class;+6 java.base@21.0.8
j  java.security.Provider$Service.getImplClass()Ljava/lang/Class;+64 java.base@21.0.8
j  java.security.Provider$Service.getDefaultConstructor()Ljava/lang/reflect/Constructor;+46 java.base@21.0.8
j  java.security.Provider$Service.newInstanceOf()Ljava/lang/Object;+1 java.base@21.0.8
j  java.security.Provider$Service.newInstanceUtil(Ljava/lang/Class;Ljava/lang/Object;)Ljava/lang/Object;+5 java.base@21.0.8
j  java.security.Provider$Service.newInstance(Ljava/lang/Object;)Ljava/lang/Object;+216 java.base@21.0.8
j  sun.security.jca.GetInstance.getInstance(Ljava/security/Provider$Service;Ljava/lang/Class;)Lsun/security/jca/GetInstance$Instance;+2 java.base@21.0.8
j  sun.security.jca.GetInstance.getInstance(Ljava/lang/String;Ljava/lang/Class;Ljava/lang/String;)Lsun/security/jca/GetInstance$Instance;+56 java.base@21.0.8
j  java.security.MessageDigest.getInstance(Ljava/lang/String;)Ljava/security/MessageDigest;+12 java.base@21.0.8
j  org.gradle.internal.hash.Hashing$MessageDigestHashFunction.of(Ljava/lang/String;)Lorg/gradle/internal/hash/Hashing$MessageDigestHashFunction;+1
j  org.gradle.internal.hash.Hashing.<clinit>()V+26
v  ~StubRoutines::call_stub 0x000001c1de5b100d
j  org.gradle.internal.hash.DefaultStreamHasher.<clinit>()V+2
v  ~StubRoutines::call_stub 0x000001c1de5b100d
j  org.gradle.launcher.daemon.toolchain.DaemonClientToolchainServices.createJavaToolchainQueryService(Lorg/gradle/internal/jvm/inspection/JvmMetadataDetector;Lorg/gradle/internal/nativeintegration/filesystem/FileSystem;Lorg/gradle/internal/logging/progress/ProgressLoggerFactory;Lorg/gradle/internal/time/Clock;Lorg/gradle/internal/operations/BuildOperationIdFactory;Lorg/gradle/initialization/GradleUserHomeDirProvider;Lorg/gradle/api/internal/file/temp/TemporaryFileProvider;Lorg/gradle/cache/FileLockManager;Lorg/gradle/process/internal/ClientExecHandleBuilderFactory;Lorg/gradle/api/internal/file/temp/GradleUserHomeTemporaryFileProvider;Lorg/gradle/api/internal/provider/PropertyHost;Lorg/gradle/api/internal/file/FileCollectionFactory;Lorg/gradle/api/internal/file/collections/DirectoryFileTreeFactory;Lorg/gradle/api/internal/provider/PropertyFactory;Lorg/gradle/api/internal/DocumentationRegistry;Lnet/rubygrapefruit/platform/WindowsRegistry;Lorg/gradle/internal/os/OperatingSystem;Lnet/rubygrapefruit/platform/SystemInfo;Lorg/gradle/cache/scopes/ScopedCacheBuilderFactory;Lorg/gradle/initialization/layout/BuildLayoutFactory;)Lorg/gradle/jvm/toolchain/internal/JavaToolchainQueryService;+263
j  java.lang.invoke.LambdaForm$DMH+0x0000000100220000.invokeVirtual(Ljava/lang/Object;Ljava/lang/Object;Ljava/lang/Object;Ljava/lang/Object;Ljava/lang/Object;Ljava/lang/Object;Ljava/lang/Object;Ljava/lang/Object;Ljava/lang/Object;Ljava/lang/Object;Ljava/lang/Object;Ljava/lang/Object;Ljava/lang/Object;Ljava/lang/Object;Ljava/lang/Object;Ljava/lang/Object;Ljava/lang/Object;Ljava/lang/Object;Ljava/lang/Object;Ljava/lang/Object;Ljava/lang/Object;Ljava/lang/Object;)Ljava/lang/Object;+50 java.base@21.0.8
j  java.lang.invoke.LambdaForm$MH+0x0000000100228800.invoke(Ljava/lang/Object;Ljava/lang/Object;Ljava/lang/Object;Ljava/lang/Object;Ljava/lang/Object;Ljava/lang/Object;Ljava/lang/Object;Ljava/lang/Object;Ljava/lang/Object;Ljava/lang/Object;Ljava/lang/Object;Ljava/lang/Object;Ljava/lang/Object;Ljava/lang/Object;Ljava/lang/Object;Ljava/lang/Object;Ljava/lang/Object;Ljava/lang/Object;Ljava/lang/Object;Ljava/lang/Object;Ljava/lang/Object;Ljava/lang/Object;)Ljava/lang/Object;+415 java.base@21.0.8
j  java.lang.invoke.LambdaForm$MH+0x0000000100229000.invoke(Ljava/lang/Object;Ljava/lang/Object;Ljava/lang/Object;)Ljava/lang/Object;+198 java.base@21.0.8
j  java.lang.invoke.Invokers$Holder.invokeExact_MT(Ljava/lang/Object;Ljava/lang/Object;Ljava/lang/Object;Ljava/lang/Object;)Ljava/lang/Object;+20 java.base@21.0.8
j  jdk.internal.reflect.DirectMethodHandleAccessor.invokeImpl(Ljava/lang/Object;[Ljava/lang/Object;)Ljava/lang/Object;+104 java.base@21.0.8
j  jdk.internal.reflect.DirectMethodHandleAccessor.invoke(Ljava/lang/Object;[Ljava/lang/Object;)Ljava/lang/Object;+23 java.base@21.0.8
j  java.lang.reflect.Method.invoke(Ljava/lang/Object;[Ljava/lang/Object;)Ljava/lang/Object;+102 java.base@21.0.8
j  org.gradle.internal.reflect.JavaMethod.invoke(Ljava/lang/Object;[Ljava/lang/Object;)Ljava/lang/Object;+6
j  org.gradle.internal.service.ReflectionBasedServiceMethod.invoke(Ljava/lang/Object;[Ljava/lang/Object;)Ljava/lang/Object;+6
j  org.gradle.internal.service.DefaultServiceRegistry$FactoryMethodService.invokeMethod([Ljava/lang/Object;)Ljava/lang/Object;+28
j  org.gradle.internal.service.DefaultServiceRegistry$FactoryService.createServiceInstance()Ljava/lang/Object;+7
j  org.gradle.internal.service.DefaultServiceRegistry$FactoryMethodService.createServiceInstance()Ljava/lang/Object;+1
j  org.gradle.internal.service.DefaultServiceRegistry$ManagedObjectServiceProvider.getInstance()Ljava/lang/Object;+24
j  org.gradle.internal.service.DefaultServiceRegistry$SingletonService.get()Ljava/lang/Object;+1
j  org.gradle.internal.service.DefaultServiceRegistry.find(Ljava/lang/reflect/Type;)Ljava/lang/Object;+22
j  org.gradle.internal.service.DefaultServiceRegistry.get(Ljava/lang/reflect/Type;)Ljava/lang/Object;+2
j  org.gradle.internal.service.DefaultServiceRegistry.get(Ljava/lang/Class;)Ljava/lang/Object;+3
j  org.gradle.launcher.daemon.client.DaemonClientServicesSupport.lambda$createDaemonStarter$0(Lorg/gradle/internal/service/ServiceRegistry;)Lorg/gradle/jvm/toolchain/internal/JavaToolchainQueryService;+3
j  org.gradle.launcher.daemon.client.DaemonClientServicesSupport$$Lambda+0x00000001001e9650.get()Ljava/lang/Object;+4
j  org.gradle.internal.lazy.UnsafeLazy.get()Ljava/lang/Object;+12
j  org.gradle.internal.lazy.Lazy.apply(Ljava/util/function/Function;)Ljava/lang/Object;+2
j  org.gradle.launcher.daemon.client.DefaultDaemonStarter.startDaemon(Z)Lorg/gradle/launcher/daemon/diagnostics/DaemonStartupInfo;+47
j  org.gradle.launcher.daemon.client.DefaultDaemonConnector.doStartDaemon(Lorg/gradle/api/internal/specs/ExplainingSpec;Z)Lorg/gradle/launcher/daemon/client/DaemonClientConnection;+28
j  org.gradle.launcher.daemon.client.DefaultDaemonConnector.startDaemon(Lorg/gradle/api/internal/specs/ExplainingSpec;)Lorg/gradle/launcher/daemon/client/DaemonClientConnection;+3
j  org.gradle.launcher.daemon.client.DaemonClient.execute(Lorg/gradle/internal/invocation/BuildAction;Lorg/gradle/launcher/exec/BuildActionParameters;Lorg/gradle/internal/daemon/client/execution/ClientBuildRequestContext;)Lorg/gradle/launcher/exec/BuildActionResult;+201
j  org.gradle.launcher.daemon.client.DaemonClient.execute(Lorg/gradle/internal/invocation/BuildAction;Ljava/lang/Object;Ljava/lang/Object;)Lorg/gradle/launcher/exec/BuildActionResult;+10
j  org.gradle.launcher.cli.RunBuildAction.run()V+67
j  org.gradle.internal.Actions$RunnableActionAdapter.execute(Ljava/lang/Object;)V+4
j  org.gradle.launcher.cli.DefaultCommandLineActionFactory$ParseAndBuildAction.execute(Lorg/gradle/launcher/bootstrap/ExecutionListener;)V+133
j  org.gradle.launcher.cli.DefaultCommandLineActionFactory$ParseAndBuildAction.execute(Ljava/lang/Object;)V+5
j  org.gradle.launcher.cli.DebugLoggerWarningAction.execute(Lorg/gradle/launcher/bootstrap/ExecutionListener;)V+9
j  org.gradle.launcher.cli.DebugLoggerWarningAction.execute(Ljava/lang/Object;)V+5
j  org.gradle.launcher.cli.WelcomeMessageAction.execute(Lorg/gradle/launcher/bootstrap/ExecutionListener;)V+218
j  org.gradle.launcher.cli.WelcomeMessageAction.execute(Ljava/lang/Object;)V+5
j  org.gradle.launcher.cli.NativeServicesInitializingAction.execute(Lorg/gradle/launcher/bootstrap/ExecutionListener;)V+47
j  org.gradle.launcher.cli.NativeServicesInitializingAction.execute(Ljava/lang/Object;)V+5
j  org.gradle.launcher.cli.ExceptionReportingAction.execute(Lorg/gradle/launcher/bootstrap/ExecutionListener;)V+5
j  org.gradle.launcher.cli.ExceptionReportingAction.execute(Ljava/lang/Object;)V+5
j  org.gradle.launcher.cli.DefaultCommandLineActionFactory$WithLogging.execute(Lorg/gradle/launcher/bootstrap/ExecutionListener;)V+318
j  org.gradle.launcher.Main.doAction([Ljava/lang/String;Lorg/gradle/launcher/bootstrap/ExecutionListener;)V+14
j  org.gradle.launcher.bootstrap.EntryPoint.run([Ljava/lang/String;)V+12
j  java.lang.invoke.DirectMethodHandle$Holder.invokeVirtual(Ljava/lang/Object;Ljava/lang/Object;Ljava/lang/Object;)V+11 java.base@21.0.8
j  java.lang.invoke.LambdaForm$MH+0x00000001000d2000.invoke(Ljava/lang/Object;Ljava/lang/Object;Ljava/lang/Object;)Ljava/lang/Object;+52 java.base@21.0.8
j  java.lang.invoke.Invokers$Holder.invokeExact_MT(Ljava/lang/Object;Ljava/lang/Object;Ljava/lang/Object;Ljava/lang/Object;)Ljava/lang/Object;+20 java.base@21.0.8
j  jdk.internal.reflect.DirectMethodHandleAccessor.invokeImpl(Ljava/lang/Object;[Ljava/lang/Object;)Ljava/lang/Object;+55 java.base@21.0.8
j  jdk.internal.reflect.DirectMethodHandleAccessor.invoke(Ljava/lang/Object;[Ljava/lang/Object;)Ljava/lang/Object;+23 java.base@21.0.8
j  java.lang.reflect.Method.invoke(Ljava/lang/Object;[Ljava/lang/Object;)Ljava/lang/Object;+102 java.base@21.0.8
j  org.gradle.launcher.bootstrap.ProcessBootstrap.runNoExit(Ljava/lang/String;Ljava/lang/String;Ljava/lang/String;[Ljava/lang/String;)V+200
j  org.gradle.launcher.bootstrap.ProcessBootstrap.run(Ljava/lang/String;Ljava/lang/String;Ljava/lang/String;[Ljava/lang/String;)V+4
j  org.gradle.launcher.GradleMain.main([Ljava/lang/String;)V+10
j  java.lang.invoke.DirectMethodHandle$Holder.invokeStatic(Ljava/lang/Object;Ljava/lang/Object;)V+10 java.base@21.0.8
j  java.lang.invoke.LambdaForm$MH+0x00000001000c3c00.invoke(Ljava/lang/Object;Ljava/lang/Object;Ljava/lang/Object;)Ljava/lang/Object;+33 java.base@21.0.8
j  java.lang.invoke.Invokers$Holder.invokeExact_MT(Ljava/lang/Object;Ljava/lang/Object;Ljava/lang/Object;Ljava/lang/Object;)Ljava/lang/Object;+20 java.base@21.0.8
j  jdk.internal.reflect.DirectMethodHandleAccessor.invokeImpl(Ljava/lang/Object;[Ljava/lang/Object;)Ljava/lang/Object;+55 java.base@21.0.8
j  jdk.internal.reflect.DirectMethodHandleAccessor.invoke(Ljava/lang/Object;[Ljava/lang/Object;)Ljava/lang/Object;+23 java.base@21.0.8
j  java.lang.reflect.Method.invoke(Ljava/lang/Object;[Ljava/lang/Object;)Ljava/lang/Object;+102 java.base@21.0.8
j  org.gradle.wrapper.GradleWrapperMain.main([Ljava/lang/String;)V+1825
v  ~StubRoutines::call_stub 0x000001c1de5b100d

siginfo: EXCEPTION_IN_PAGE_ERROR (0xc0000006), reading address 0x000001c1d4a49c48


Registers:
RAX=0x0000ce0aaff98ea4, RBX=0x000001c1d4a49c46, RCX=0x000001c1d4a49c46, RDX=0x000001c1d1be04c0
RSP=0x0000004eea8faf10, RBP=0x0000004eea8fafe0, RSI=0x000001c1d4a49c46, RDI=0x000001c1d4a49c46
R8 =0x00000000000002cd, R9 =0x0000004eea8fafe0, R10=0x000001c1d40a2f76, R11=0x0000000000000000
R12=0x00000000000002cd, R13=0x000001c1d1be04c0, R14=0x000001c1d1be04c0, R15=0x000001c1d1be04c0
RIP=0x00007ffb4266132c, EFLAGS=0x0000000000010202

XMM[0]=0x0000000000000000 0x0000000000000000
XMM[1]=0x6f72702f79746972 0x756365732f6e7573
XMM[2]=0x0000000000000000 0x0000000000000000
XMM[3]=0x0000000000000000 0x0000000000000000
XMM[4]=0x0000000000000000 0x0000000000000000
XMM[5]=0x532f72656469766f 0x72702f7974697275
XMM[6]=0x0c98f5818685ba9f 0x4a319941fc018edf
XMM[7]=0xee830681e1ddc99f 0x59db6a41e191dddf
XMM[8]=0x000e178101b4d89f 0x34e63b4167e12cdf
XMM[9]=0xe1836ef53e0dad24 0xbcbd5ebaaaa8b33d
XMM[10]=0xf858dbe56e12d56d 0xe8ab0ab5908f5824
XMM[11]=0x9f46be6c3aa2c21c 0x0c2342a172f4cd4e
XMM[12]=0x06548ef3ac5976bb 0x7d8812682c145a3d
XMM[13]=0x0000000000000000 0x000000002454a0c2
XMM[14]=0x0000000000000000 0x049993ec16f14e93
XMM[15]=0x0000000000000000 0x000000001257baa7
  MXCSR=0x00001fa0


Register to memory mapping:

RAX=0x0000ce0aaff98ea4 is an unknown value
RBX=0x000001c1d4a49c46 points into unknown readable memory: fa fa
RCX=0x000001c1d4a49c46 points into unknown readable memory: fa fa
RDX=0x000001c1d1be04c0 points into unknown readable memory: 0x7361622e6176616a | 6a 61 76 61 2e 62 61 73
RSP=0x0000004eea8faf10 is pointing into the stack for thread: 0x000001c1d1bdfdf0
RBP=0x0000004eea8fafe0 is pointing into the stack for thread: 0x000001c1d1bdfdf0
RSI=0x000001c1d4a49c46 points into unknown readable memory: fa fa
RDI=0x000001c1d4a49c46 points into unknown readable memory: fa fa
R8 =0x00000000000002cd is an unknown value
R9 =0x0000004eea8fafe0 is pointing into the stack for thread: 0x000001c1d1bdfdf0
R10=0x000001c1d40a2f76 points into unknown readable memory: 00 08
R11=0x0 is null
R12=0x00000000000002cd is an unknown value
R13=0x000001c1d1be04c0 points into unknown readable memory: 0x7361622e6176616a | 6a 61 76 61 2e 62 61 73
R14=0x000001c1d1be04c0 points into unknown readable memory: 0x7361622e6176616a | 6a 61 76 61 2e 62 61 73
R15=0x000001c1d1be04c0 points into unknown readable memory: 0x7361622e6176616a | 6a 61 76 61 2e 62 61 73

Top of Stack: (sp=0x0000004eea8faf10)
0x0000004eea8faf10:   0000000000000000 0000000000000000
0x0000004eea8faf20:   0000000000000000 0000000000000000
0x0000004eea8faf30:   0000000000000000 0000000000000000
0x0000004eea8faf40:   0000000000000000 0000000000000000
0x0000004eea8faf50:   0000000000000000 0000000000000000
0x0000004eea8faf60:   0000000000000000 0000ce0aaff98ea4
0x0000004eea8faf70:   00000000000002cd 000001c1d1be04c0
0x0000004eea8faf80:   000001c1d1be0460 000001c1d1bce4c0
0x0000004eea8faf90:   00000000008d53dc 0000000000000244
0x0000004eea8fafa0:   000001c1d4a49c46 00007ffb42661e87
0x0000004eea8fafb0:   000001c1d1be0498 00007ffac96e2a50
0x0000004eea8fafc0:   0000000000000027 0000000000000027
0x0000004eea8fafd0:   00007ffb42666000 000001c1d1bb7568
0x0000004eea8fafe0:   000001c1d40d2c7f 000001c1000a1beb
0x0000004eea8faff0:   000001c1d1bea3d0 000001c1d1be0498
0x0000004eea8fb000:   000001c1d1bce4c0 00007ffb42661f1e
0x0000004eea8fb010:   000001c1d40a2f60 000001c1d1be0498
0x0000004eea8fb020:   000001c1d1be04c0 000001c1d1be0848
0x0000004eea8fb030:   0000000000000000 000000000000000b
0x0000004eea8fb040:   0000000000023597 0000000000023d61
0x0000004eea8fb050:   0000000000000001 00000000008d53dc
0x0000004eea8fb060:   0000000000000244 00000000000002cd
0x0000004eea8fb070:   0000ce0aaff991a4 000001c1d1be0400
0x0000004eea8fb080:   00000000000789a4 000001c1e97e8e68
0x0000004eea8fb090:   00000000000002cd 00007ffb4266265a
0x0000004eea8fb0a0:   000001c1d1bea3d0 000001c1e8f035d8
0x0000004eea8fb0b0:   000001c1d1bd26c0 000001c1e97e8e68
0x0000004eea8fb0c0:   000001c1d1be04c0 00007ffac912ee05
0x0000004eea8fb0d0:   000001c1d1be0848 000001c1e97e8e68
0x0000004eea8fb0e0:   000001c1d1bce4c0 0c98f5818685ba9f
0x0000004eea8fb0f0:   0000004eea8fb150 0000000000000000
0x0000004eea8fb100:   00000000000789a4 000001c1d1be04c0 

Instructions: (pc=0x00007ffb4266132c)
0x00007ffb4266122c:   89 0a c3 cc 48 8d 05 c9 4d 00 00 84 c9 74 07 48
0x00007ffb4266123c:   8d 05 c6 4d 00 00 c3 cc 0f b6 01 0f b6 49 01 66
0x00007ffb4266124c:   c1 e0 08 66 0b c1 c3 cc 0f b7 c2 88 51 01 66 c1
0x00007ffb4266125c:   e8 08 88 01 c3 cc cc cc 48 89 5c 24 08 4c 8b 09
0x00007ffb4266126c:   4c 8b d9 41 b8 04 00 00 00 41 0f b6 01 84 c0 79
0x00007ffb4266127c:   4e 44 0f be c0 24 1f 41 c1 f8 05 41 83 e0 03 0f
0x00007ffb4266128c:   b6 d0 41 83 f8 01 74 57 42 8d 0c c5 f8 ff ff ff
0x00007ffb4266129c:   41 8b d8 d3 e2 48 83 fb 01 76 44 41 ba 01 00 00
0x00007ffb426612ac:   00 42 8d 0c c5 f0 ff ff ff 43 0f b6 04 11 49 ff
0x00007ffb426612bc:   c2 d3 e0 83 e9 08 0b d0 4c 3b d3 7c ec eb 20 41
0x00007ffb426612cc:   0f b6 49 02 8b d0 41 0f b6 41 01 c1 e2 08 0b d0
0x00007ffb426612dc:   c1 e2 08 0b d1 41 0f b6 49 03 c1 e2 08 0b d1 48
0x00007ffb426612ec:   8b 5c 24 08 8b c2 41 8b c8 49 03 c9 49 89 0b c3
0x00007ffb426612fc:   40 53 55 56 57 41 54 41 56 41 57 48 83 ec 60 48
0x00007ffb4266130c:   8b 05 26 4d 00 00 48 33 c4 48 89 44 24 58 49 8b
0x00007ffb4266131c:   e9 4d 8b e0 4c 8b fa 48 8b f1 48 8b d9 48 8b f9
0x00007ffb4266132c:   0f b6 47 02 44 0f b6 47 03 41 c1 e0 08 44 0b c0
0x00007ffb4266133c:   0f b6 47 01 41 c1 e0 08 44 0b c0 0f b6 07 41 c1
0x00007ffb4266134c:   e0 08 44 0b c0 44 89 44 24 30 0f b6 47 0a 0f b6
0x00007ffb4266135c:   57 0b 0f b6 4f 07 48 c1 e2 08 48 0b d0 c1 e1 08
0x00007ffb4266136c:   0f b6 47 09 48 c1 e2 08 48 0b d0 0f b6 47 08 48
0x00007ffb4266137c:   c1 e2 08 48 0b d0 0f b6 47 06 0b c8 48 c1 e2 20
0x00007ffb4266138c:   0f b6 47 05 c1 e1 08 0b c1 c1 e0 08 48 98 48 0b
0x00007ffb4266139c:   d0 0f b6 47 04 48 0b d0 48 89 54 24 38 0f b6 47
0x00007ffb426613ac:   12 44 0f b6 4f 13 0f b6 4f 0f c1 e1 08 49 c1 e1
0x00007ffb426613bc:   08 4c 0b c8 0f b6 47 11 49 c1 e1 08 4c 0b c8 0f
0x00007ffb426613cc:   b6 47 10 49 c1 e1 08 4c 0b c8 0f b6 47 0e 0b c8
0x00007ffb426613dc:   49 c1 e1 20 0f b6 47 0d c1 e1 08 0b c1 c1 e0 08
0x00007ffb426613ec:   48 98 4c 0b c8 0f b6 47 0c 4c 0b c8 4c 89 4c 24
0x00007ffb426613fc:   40 0f b6 47 16 0f b6 4f 17 c1 e1 08 0b c8 0f b6
0x00007ffb4266140c:   47 15 c1 e1 08 0b c8 0f b6 47 14 c1 e1 08 0b c8
0x00007ffb4266141c:   89 4c 24 48 0f b6 47 1a 0f b6 57 1b c1 e2 08 0b 


Stack slot to memory mapping:

stack at sp + 0 slots: 0x0 is null
stack at sp + 1 slots: 0x0 is null
stack at sp + 2 slots: 0x0 is null
stack at sp + 3 slots: 0x0 is null
stack at sp + 4 slots: 0x0 is null
stack at sp + 5 slots: 0x0 is null
stack at sp + 6 slots: 0x0 is null
stack at sp + 7 slots: 0x0 is null


Compiled method (n/a) 53591 1122     n 0       java.lang.Class::forName0 (native)
 total in heap  [0x000001c1debc0f10,0x000001c1debc1538] = 1576
 relocation     [0x000001c1debc1070,0x000001c1debc10a8] = 56
 main code      [0x000001c1debc10c0,0x000001c1debc1535] = 1141
 stub code      [0x000001c1debc1535,0x000001c1debc1538] = 3

[Constant Pool (empty)]

[MachCode]
[Entry Point]
  # {method} {0x000001c1ea0170a0} 'forName0' '(Ljava/lang/String;ZLjava/lang/ClassLoader;Ljava/lang/Class;)Ljava/lang/Class;' in 'java/lang/Class'
  # parm0:    rdx:rdx   = 'java/lang/String'
  # parm1:    r8        = boolean
  # parm2:    r9:r9     = 'java/lang/ClassLoader'
  # parm3:    rdi:rdi   = 'java/lang/Class'
  #           [sp+0x80]  (sp of caller)
  0x000001c1debc10c0: 448b 5208 | 49c1 e203 | 493b c20f | 8407 0000 

  0x000001c1debc10d0: ;   {runtime_call ic_miss_stub}
  0x000001c1debc10d0: 00e9 aad6 | a3ff 6690 
[Verified Entry Point]
  0x000001c1debc10d8: 8984 2400 | 80ff ff55 | 488b ec48 | 83ec 7090 | 4181 7f20 | 0100 0000 

  0x000001c1debc10f0: ;   {runtime_call StubRoutines (final stubs)}
  0x000001c1debc10f0: 7405 e829 | 8aa2 ff48 | 897c 2448 | 4883 ff00 | 488d 4424 | 4848 0f44 | 4424 4848 | 8944 2428 
  0x000001c1debc1110: 4c89 4c24 | 4049 83f9 | 0048 8d44 | 2440 480f | 4444 2440 | 4889 4424 | 204d 8bc8 | 4889 5424 
  0x000001c1debc1130: 3048 83fa | 004c 8d44 | 2430 4c0f | 4444 2430 

  0x000001c1debc1140: ;   {oop(a 'java/lang/Class'{0x00000000fe8735f0} = 'java/lang/Class')}
  0x000001c1debc1140: 49be f035 | 87fe 0000 | 0000 4c89 | 7424 604c | 8d74 2460 | 498b d6c5 

  0x000001c1debc1158: ;   {internal_word}
  0x000001c1debc1158: f877 49ba | 5711 bcde | c101 0000 | 4d89 97a0 | 0300 0049 | 89a7 9803 

  0x000001c1debc1170: ;   {external_word}
  0x000001c1debc1170: 0000 49ba | 18fa aac9 | fa7f 0000 | 4180 3a00 | 0f84 4e00 | 0000 5241 

  0x000001c1debc1188: ;   {metadata({method} {0x000001c1ea0170a0} 'forName0' '(Ljava/lang/String;ZLjava/lang/ClassLoader;Ljava/lang/Class;)Ljava/lang/Class;' in 'java/lang/Class')}
  0x000001c1debc1188: 5041 5148 | ba98 7001 | eac1 0100 | 0049 8bcf | 4883 ec20 | 40f6 c40f | 0f84 1900 | 0000 4883 
  0x000001c1debc11a8: ;   {runtime_call}
  0x000001c1debc11a8: ec08 48b8 | 90d7 64c9 | fa7f 0000 | ffd0 4883 | c408 e90c 

  0x000001c1debc11bc: ;   {runtime_call}
  0x000001c1debc11bc: 0000 0048 | b890 d764 | c9fa 7f00 | 00ff d048 | 83c4 2041 | 5941 585a | 498d 8fb8 | 0300 0041 
  0x000001c1debc11dc: c787 4404 | 0000 0400 

  0x000001c1debc11e4: ;   {runtime_call}
  0x000001c1debc11e4: 0000 48b8 | d412 0538 | fb7f 0000 | ffd0 c5f8 | 7741 c787 | 4404 0000 | 0500 0000 | f083 4424 
  0x000001c1debc1204: c000 493b | af48 0400 | 000f 870e | 0000 0041 | 83bf 4004 | 0000 000f | 842b 0000 | 00c5 f877 
  0x000001c1debc1224: 4889 45f8 | 498b cf4c | 8be4 4883 | ec20 4883 

  0x000001c1debc1234: ;   {runtime_call}
  0x000001c1debc1234: e4f0 48b8 | 2014 30c9 | fa7f 0000 | ffd0 498b | e44d 33e4 | 488b 45f8 | 41c7 8744 | 0400 0008 
  0x000001c1debc1254: 0000 0041 | 83bf c004 | 0000 020f | 84a3 0200 

  0x000001c1debc1264: ;   {external_word}
  0x000001c1debc1264: 0049 ba18 | faaa c9fa | 7f00 0041 | 803a 000f | 844c 0000 | 0048 8945 

  0x000001c1debc127c: ;   {metadata({method} {0x000001c1ea0170a0} 'forName0' '(Ljava/lang/String;ZLjava/lang/ClassLoader;Ljava/lang/Class;)Ljava/lang/Class;' in 'java/lang/Class')}
  0x000001c1debc127c: f848 ba98 | 7001 eac1 | 0100 0049 | 8bcf 4883 | ec20 40f6 | c40f 0f84 | 1900 0000 | 4883 ec08 
  0x000001c1debc129c: ;   {runtime_call}
  0x000001c1debc129c: 48b8 90d7 | 64c9 fa7f | 0000 ffd0 | 4883 c408 | e90c 0000 

  0x000001c1debc12b0: ;   {runtime_call}
  0x000001c1debc12b0: 0048 b890 | d764 c9fa | 7f00 00ff | d048 83c4 | 2048 8b45 | f849 c787 | 9803 0000 | 0000 0000 
  0x000001c1debc12d0: 49c7 87a0 | 0300 0000 | 0000 00c5 | f877 4885 | c00f 84fe | 0100 00a8 | 030f 8508 | 0000 0048 
  0x000001c1debc12f0: 8b00 e9ee | 0100 00a8 | 010f 8509 | 0000 0048 | 8b40 fee9 | dd01 0000 | 488b 40ff | 4180 7f40 
  0x000001c1debc1310: 000f 84ce | 0100 0048 | 83f8 000f | 84c4 0100 | 0049 8b4f | 2848 83f9 | 000f 8414 | 0000 0048 
  0x000001c1debc1330: 83e9 0849 | 894f 2849 | 034f 3848 | 8901 e9a2 | 0100 0048 | 81ec d000 | 0000 4889 | 0424 4889 
  0x000001c1debc1350: 4c24 0848 | 8954 2410 | 4889 7424 | 1848 897c | 2420 4c89 | 4424 284c | 894c 2430 | 4c89 5424 
  0x000001c1debc1370: 384c 895c | 2440 c5fb | 1144 2450 | c5fb 114c | 2458 c5fb | 1154 2460 | c5fb 115c | 2468 c5fb 
  0x000001c1debc1390: 1164 2470 | c5fb 116c | 2478 c5fb | 11b4 2480 | 0000 00c5 | fb11 bc24 | 8800 0000 | c57b 1184 
  0x000001c1debc13b0: ;   {no_reloc}
  0x000001c1debc13b0: 2490 0000 | 00c5 7b11 | 8c24 9800 | 0000 c57b | 1194 24a0 | 0000 00c5 | 7b11 9c24 | a800 0000 
  0x000001c1debc13d0: c57b 11a4 | 24b0 0000 | 00c5 7b11 | ac24 b800 | 0000 c57b | 11b4 24c0 | 0000 00c5 | 7b11 bc24 
  0x000001c1debc13f0: c800 0000 | 498b d748 | 8bc8 4883 | ec20 40f6 | c40f 0f84 | 1900 0000 | 4883 ec08 

  0x000001c1debc140c: ;   {runtime_call}
  0x000001c1debc140c: 48b8 1022 | 23c9 fa7f | 0000 ffd0 | 4883 c408 | e90c 0000 

  0x000001c1debc1420: ;   {runtime_call}
  0x000001c1debc1420: 0048 b810 | 2223 c9fa | 7f00 00ff | d048 83c4 | 20c5 7b10 | bc24 c800 | 0000 c57b | 10b4 24c0 
  0x000001c1debc1440: 0000 00c5 | 7b10 ac24 | b800 0000 | c57b 10a4 | 24b0 0000 | 00c5 7b10 | 9c24 a800 | 0000 c57b 
  0x000001c1debc1460: 1094 24a0 | 0000 00c5 | 7b10 8c24 | 9800 0000 | c57b 1084 | 2490 0000 | 00c5 fb10 | bc24 8800 
  0x000001c1debc1480: 0000 c5fb | 10b4 2480 | 0000 00c5 | fb10 6c24 | 78c5 fb10 | 6424 70c5 | fb10 5c24 | 68c5 fb10 
  0x000001c1debc14a0: 5424 60c5 | fb10 4c24 | 58c5 fb10 | 4424 504c | 8b5c 2440 | 4c8b 5424 | 384c 8b4c | 2430 4c8b 
  0x000001c1debc14c0: 4424 2848 | 8b7c 2420 | 488b 7424 | 1848 8b54 | 2410 488b | 4c24 0848 | 8b04 2448 | 81c4 d000 
  0x000001c1debc14e0: 0000 c5f8 | 7749 8b8f | 2804 0000 | c781 0001 | 0000 0000 | 0000 c949 | 837f 0800 | 0f85 0100 
  0x000001c1debc1500: ;   {runtime_call StubRoutines (initial stubs)}
  0x000001c1debc1500: 0000 c3e9 | f8f9 9eff | c5f8 7748 | 8945 f84c | 8be4 4883 | ec20 4883 

  0x000001c1debc1518: ;   {runtime_call}
  0x000001c1debc1518: e4f0 48b8 | e00e 65c9 | fa7f 0000 | ffd0 498b | e44d 33e4 | 488b 45f8 | e930 fdff | fff4 f4f4 
[/MachCode]


---------------  P R O C E S S  ---------------

Threads class SMR info:
_java_thread_list=0x000001c1ee3d91f0, length=12, elements={
0x000001c1d1bdfdf0, 0x000001c1e9071090, 0x000001c1e9090490, 0x000001c1e9092b10,
0x000001c1e90b0e60, 0x000001c1e90b18c0, 0x000001c1e90b2320, 0x000001c1e90bad90,
0x000001c1e90bd800, 0x000001c1e90c06b0, 0x000001c1e9169250, 0x000001c1e9168530
}

Java Threads: ( => current thread )
=>0x000001c1d1bdfdf0 JavaThread "main"                              [_thread_in_vm, id=10896, stack(0x0000004eea800000,0x0000004eea900000) (1024K)]
  0x000001c1e9071090 JavaThread "Common-Cleaner"             daemon [_thread_blocked, id=10364, stack(0x0000004eeb000000,0x0000004eeb100000) (1024K)]
  0x000001c1e9090490 JavaThread "Reference Handler"          daemon [_thread_blocked, id=3468, stack(0x0000004eeb100000,0x0000004eeb200000) (1024K)]
  0x000001c1e9092b10 JavaThread "Finalizer"                  daemon [_thread_blocked, id=10508, stack(0x0000004eeb200000,0x0000004eeb300000) (1024K)]
  0x000001c1e90b0e60 JavaThread "Signal Dispatcher"          daemon [_thread_blocked, id=5264, stack(0x0000004eeb300000,0x0000004eeb400000) (1024K)]
  0x000001c1e90b18c0 JavaThread "Attach Listener"            daemon [_thread_blocked, id=3384, stack(0x0000004eeb400000,0x0000004eeb500000) (1024K)]
  0x000001c1e90b2320 JavaThread "Service Thread"             daemon [_thread_blocked, id=2976, stack(0x0000004eeb500000,0x0000004eeb600000) (1024K)]
  0x000001c1e90bad90 JavaThread "Monitor Deflation Thread"   daemon [_thread_blocked, id=10280, stack(0x0000004eeb600000,0x0000004eeb700000) (1024K)]
  0x000001c1e90bd800 JavaThread "C2 CompilerThread0"         daemon [_thread_blocked, id=3860, stack(0x0000004eeb700000,0x0000004eeb800000) (1024K)]
  0x000001c1e90c06b0 JavaThread "C1 CompilerThread0"         daemon [_thread_blocked, id=10396, stack(0x0000004eeb800000,0x0000004eeb900000) (1024K)]
  0x000001c1e9169250 JavaThread "Notification Thread"        daemon [_thread_blocked, id=532, stack(0x0000004eeb900000,0x0000004eeba00000) (1024K)]
  0x000001c1e9168530 JavaThread "pool-1-thread-1"                   [_thread_blocked, id=7188, stack(0x0000004eebf00000,0x0000004eec000000) (1024K)]
Total: 12

Other Threads:
  0x000001c1e8ec6960 VMThread "VM Thread"                           [id=8676, stack(0x0000004eeaf00000,0x0000004eeb000000) (1024K)] _threads_hazard_ptr=0x000001c1ee3d91f0
  0x000001c1e8e645e0 WatcherThread "VM Periodic Task Thread"        [id=1944, stack(0x0000004eeae00000,0x0000004eeaf00000) (1024K)]
  0x000001c1d3f392a0 WorkerThread "GC Thread#0"                     [id=1576, stack(0x0000004eea900000,0x0000004eeaa00000) (1024K)]
  0x000001c1e9a9ac70 WorkerThread "GC Thread#1"                     [id=10520, stack(0x0000004eeba00000,0x0000004eebb00000) (1024K)]
  0x000001c1e9461cf0 WorkerThread "GC Thread#2"                     [id=4020, stack(0x0000004eebb00000,0x0000004eebc00000) (1024K)]
  0x000001c1e93a0340 WorkerThread "GC Thread#3"                     [id=11184, stack(0x0000004eebc00000,0x0000004eebd00000) (1024K)]
  0x000001c1ee0c2ad0 WorkerThread "GC Thread#4"                     [id=10840, stack(0x0000004eebd00000,0x0000004eebe00000) (1024K)]
  0x000001c1e9bdbc00 WorkerThread "GC Thread#5"                     [id=11200, stack(0x0000004eebe00000,0x0000004eebf00000) (1024K)]
  0x000001c1d3f3aa80 ConcurrentGCThread "G1 Main Marker"            [id=9224, stack(0x0000004eeaa00000,0x0000004eeab00000) (1024K)]
  0x000001c1d3f3b580 WorkerThread "G1 Conc#0"                       [id=8300, stack(0x0000004eeab00000,0x0000004eeac00000) (1024K)]
  0x000001c1d3fe2c60 ConcurrentGCThread "G1 Refine#0"               [id=7908, stack(0x0000004eeac00000,0x0000004eead00000) (1024K)]
  0x000001c1d3fe37d0 ConcurrentGCThread "G1 Service"                [id=8740, stack(0x0000004eead00000,0x0000004eeae00000) (1024K)]
Total: 12

Threads with active compile tasks:
Total: 0

VM state: synchronizing (normal execution)

VM Mutex/Monitor currently owned by a thread:  ([mutex/lock_event])
[0x00007ffac9ac85b8] Threads_lock - owner thread: 0x000001c1e8ec6960

Heap address: 0x00000000fc000000, size: 64 MB, Compressed Oops mode: 32-bit

CDS archive(s) not mapped
Compressed class space mapped at: 0x0000000100000000-0x0000000140000000, reserved size: 1073741824
Narrow klass base: 0x0000000000000000, Narrow klass shift: 3, Narrow klass range: 0x140000000

GC Precious Log:
 CardTable entry size: 512
 Card Set container configuration: InlinePtr #cards 5 size 8 Array Of Cards #cards 12 size 40 Howl #buckets 4 coarsen threshold 1843 Howl Bitmap #cards 512 size 80 coarsen threshold 460 Card regions per heap region 1 cards per card region 2048
 CPUs: 8 total, 8 available
 Memory: 16343M
 Large Page Support: Disabled
 NUMA Support: Disabled
 Compressed Oops: Enabled (32-bit)
 Heap Region Size: 1M
 Heap Min Capacity: 64M
 Heap Initial Capacity: 64M
 Heap Max Capacity: 64M
 Pre-touch: Disabled
 Parallel Workers: 8
 Concurrent Workers: 2
 Concurrent Refinement Workers: 8
 Periodic GC: Disabled

Heap:
 garbage-first heap   total 65536K, used 34112K [0x00000000fc000000, 0x0000000100000000)
  region size 1024K, 29 young (29696K), 3 survivors (3072K)
 Metaspace       used 19363K, committed 19712K, reserved 1114112K
  class space    used 2300K, committed 2496K, reserved 1048576K

Heap Regions: E=young(eden), S=young(survivor), O=old, HS=humongous(starts), HC=humongous(continues), CS=collection set, F=free, TAMS=top-at-mark-start, PB=parsable bottom
|   0|0x00000000fc000000, 0x00000000fc100000, 0x00000000fc100000|100%| O|  |TAMS 0x00000000fc000000| PB 0x00000000fc000000| Untracked 
|   1|0x00000000fc100000, 0x00000000fc200000, 0x00000000fc200000|100%| O|  |TAMS 0x00000000fc100000| PB 0x00000000fc100000| Untracked 
|   2|0x00000000fc200000, 0x00000000fc250000, 0x00000000fc300000| 31%| O|  |TAMS 0x00000000fc200000| PB 0x00000000fc200000| Untracked 
|   3|0x00000000fc300000, 0x00000000fc400000, 0x00000000fc400000|100%|HS|  |TAMS 0x00000000fc300000| PB 0x00000000fc300000| Complete 
|   4|0x00000000fc400000, 0x00000000fc500000, 0x00000000fc500000|100%|HC|  |TAMS 0x00000000fc400000| PB 0x00000000fc400000| Complete 
|   5|0x00000000fc500000, 0x00000000fc600000, 0x00000000fc600000|100%|HC|  |TAMS 0x00000000fc500000| PB 0x00000000fc500000| Complete 
|   6|0x00000000fc600000, 0x00000000fc700000, 0x00000000fc700000|100%|HC|  |TAMS 0x00000000fc600000| PB 0x00000000fc600000| Complete 
|   7|0x00000000fc700000, 0x00000000fc700000, 0x00000000fc800000|  0%| F|  |TAMS 0x00000000fc700000| PB 0x00000000fc700000| Untracked 
|   8|0x00000000fc800000, 0x00000000fc800000, 0x00000000fc900000|  0%| F|  |TAMS 0x00000000fc800000| PB 0x00000000fc800000| Untracked 
|   9|0x00000000fc900000, 0x00000000fc900000, 0x00000000fca00000|  0%| F|  |TAMS 0x00000000fc900000| PB 0x00000000fc900000| Untracked 
|  10|0x00000000fca00000, 0x00000000fca00000, 0x00000000fcb00000|  0%| F|  |TAMS 0x00000000fca00000| PB 0x00000000fca00000| Untracked 
|  11|0x00000000fcb00000, 0x00000000fcb00000, 0x00000000fcc00000|  0%| F|  |TAMS 0x00000000fcb00000| PB 0x00000000fcb00000| Untracked 
|  12|0x00000000fcc00000, 0x00000000fcc00000, 0x00000000fcd00000|  0%| F|  |TAMS 0x00000000fcc00000| PB 0x00000000fcc00000| Untracked 
|  13|0x00000000fcd00000, 0x00000000fcd00000, 0x00000000fce00000|  0%| F|  |TAMS 0x00000000fcd00000| PB 0x00000000fcd00000| Untracked 
|  14|0x00000000fce00000, 0x00000000fce00000, 0x00000000fcf00000|  0%| F|  |TAMS 0x00000000fce00000| PB 0x00000000fce00000| Untracked 
|  15|0x00000000fcf00000, 0x00000000fcf00000, 0x00000000fd000000|  0%| F|  |TAMS 0x00000000fcf00000| PB 0x00000000fcf00000| Untracked 
|  16|0x00000000fd000000, 0x00000000fd000000, 0x00000000fd100000|  0%| F|  |TAMS 0x00000000fd000000| PB 0x00000000fd000000| Untracked 
|  17|0x00000000fd100000, 0x00000000fd100000, 0x00000000fd200000|  0%| F|  |TAMS 0x00000000fd100000| PB 0x00000000fd100000| Untracked 
|  18|0x00000000fd200000, 0x00000000fd200000, 0x00000000fd300000|  0%| F|  |TAMS 0x00000000fd200000| PB 0x00000000fd200000| Untracked 
|  19|0x00000000fd300000, 0x00000000fd300000, 0x00000000fd400000|  0%| F|  |TAMS 0x00000000fd300000| PB 0x00000000fd300000| Untracked 
|  20|0x00000000fd400000, 0x00000000fd400000, 0x00000000fd500000|  0%| F|  |TAMS 0x00000000fd400000| PB 0x00000000fd400000| Untracked 
|  21|0x00000000fd500000, 0x00000000fd500000, 0x00000000fd600000|  0%| F|  |TAMS 0x00000000fd500000| PB 0x00000000fd500000| Untracked 
|  22|0x00000000fd600000, 0x00000000fd600000, 0x00000000fd700000|  0%| F|  |TAMS 0x00000000fd600000| PB 0x00000000fd600000| Untracked 
|  23|0x00000000fd700000, 0x00000000fd700000, 0x00000000fd800000|  0%| F|  |TAMS 0x00000000fd700000| PB 0x00000000fd700000| Untracked 
|  24|0x00000000fd800000, 0x00000000fd800000, 0x00000000fd900000|  0%| F|  |TAMS 0x00000000fd800000| PB 0x00000000fd800000| Untracked 
|  25|0x00000000fd900000, 0x00000000fd900000, 0x00000000fda00000|  0%| F|  |TAMS 0x00000000fd900000| PB 0x00000000fd900000| Untracked 
|  26|0x00000000fda00000, 0x00000000fda00000, 0x00000000fdb00000|  0%| F|  |TAMS 0x00000000fda00000| PB 0x00000000fda00000| Untracked 
|  27|0x00000000fdb00000, 0x00000000fdb00000, 0x00000000fdc00000|  0%| F|  |TAMS 0x00000000fdb00000| PB 0x00000000fdb00000| Untracked 
|  28|0x00000000fdc00000, 0x00000000fdc00000, 0x00000000fdd00000|  0%| F|  |TAMS 0x00000000fdc00000| PB 0x00000000fdc00000| Untracked 
|  29|0x00000000fdd00000, 0x00000000fdd00000, 0x00000000fde00000|  0%| F|  |TAMS 0x00000000fdd00000| PB 0x00000000fdd00000| Untracked 
|  30|0x00000000fde00000, 0x00000000fde00000, 0x00000000fdf00000|  0%| F|  |TAMS 0x00000000fde00000| PB 0x00000000fde00000| Untracked 
|  31|0x00000000fdf00000, 0x00000000fdf00000, 0x00000000fe000000|  0%| F|  |TAMS 0x00000000fdf00000| PB 0x00000000fdf00000| Untracked 
|  32|0x00000000fe000000, 0x00000000fe000000, 0x00000000fe100000|  0%| F|  |TAMS 0x00000000fe000000| PB 0x00000000fe000000| Untracked 
|  33|0x00000000fe100000, 0x00000000fe100000, 0x00000000fe200000|  0%| F|  |TAMS 0x00000000fe100000| PB 0x00000000fe100000| Untracked 
|  34|0x00000000fe200000, 0x00000000fe200000, 0x00000000fe300000|  0%| F|  |TAMS 0x00000000fe200000| PB 0x00000000fe200000| Untracked 
|  35|0x00000000fe300000, 0x00000000fe362e68, 0x00000000fe400000| 38%| E|  |TAMS 0x00000000fe300000| PB 0x00000000fe300000| Complete 
|  36|0x00000000fe400000, 0x00000000fe500000, 0x00000000fe500000|100%| E|CS|TAMS 0x00000000fe400000| PB 0x00000000fe400000| Complete 
|  37|0x00000000fe500000, 0x00000000fe600000, 0x00000000fe600000|100%| E|CS|TAMS 0x00000000fe500000| PB 0x00000000fe500000| Complete 
|  38|0x00000000fe600000, 0x00000000fe700000, 0x00000000fe700000|100%| S|CS|TAMS 0x00000000fe600000| PB 0x00000000fe600000| Complete 
|  39|0x00000000fe700000, 0x00000000fe800000, 0x00000000fe800000|100%| S|CS|TAMS 0x00000000fe700000| PB 0x00000000fe700000| Complete 
|  40|0x00000000fe800000, 0x00000000fe900000, 0x00000000fe900000|100%| S|CS|TAMS 0x00000000fe800000| PB 0x00000000fe800000| Complete 
|  41|0x00000000fe900000, 0x00000000fea00000, 0x00000000fea00000|100%| E|CS|TAMS 0x00000000fe900000| PB 0x00000000fe900000| Complete 
|  42|0x00000000fea00000, 0x00000000feb00000, 0x00000000feb00000|100%| E|CS|TAMS 0x00000000fea00000| PB 0x00000000fea00000| Complete 
|  43|0x00000000feb00000, 0x00000000fec00000, 0x00000000fec00000|100%| E|CS|TAMS 0x00000000feb00000| PB 0x00000000feb00000| Complete 
|  44|0x00000000fec00000, 0x00000000fed00000, 0x00000000fed00000|100%| E|CS|TAMS 0x00000000fec00000| PB 0x00000000fec00000| Complete 
|  45|0x00000000fed00000, 0x00000000fee00000, 0x00000000fee00000|100%| E|CS|TAMS 0x00000000fed00000| PB 0x00000000fed00000| Complete 
|  46|0x00000000fee00000, 0x00000000fef00000, 0x00000000fef00000|100%| E|CS|TAMS 0x00000000fee00000| PB 0x00000000fee00000| Complete 
|  47|0x00000000fef00000, 0x00000000ff000000, 0x00000000ff000000|100%| E|CS|TAMS 0x00000000fef00000| PB 0x00000000fef00000| Complete 
|  48|0x00000000ff000000, 0x00000000ff100000, 0x00000000ff100000|100%| E|CS|TAMS 0x00000000ff000000| PB 0x00000000ff000000| Complete 
|  49|0x00000000ff100000, 0x00000000ff200000, 0x00000000ff200000|100%| E|CS|TAMS 0x00000000ff100000| PB 0x00000000ff100000| Complete 
|  50|0x00000000ff200000, 0x00000000ff300000, 0x00000000ff300000|100%| E|CS|TAMS 0x00000000ff200000| PB 0x00000000ff200000| Complete 
|  51|0x00000000ff300000, 0x00000000ff400000, 0x00000000ff400000|100%| E|CS|TAMS 0x00000000ff300000| PB 0x00000000ff300000| Complete 
|  52|0x00000000ff400000, 0x00000000ff500000, 0x00000000ff500000|100%| E|CS|TAMS 0x00000000ff400000| PB 0x00000000ff400000| Complete 
|  53|0x00000000ff500000, 0x00000000ff600000, 0x00000000ff600000|100%| E|CS|TAMS 0x00000000ff500000| PB 0x00000000ff500000| Complete 
|  54|0x00000000ff600000, 0x00000000ff700000, 0x00000000ff700000|100%| E|CS|TAMS 0x00000000ff600000| PB 0x00000000ff600000| Complete 
|  55|0x00000000ff700000, 0x00000000ff800000, 0x00000000ff800000|100%| E|CS|TAMS 0x00000000ff700000| PB 0x00000000ff700000| Complete 
|  56|0x00000000ff800000, 0x00000000ff900000, 0x00000000ff900000|100%| E|CS|TAMS 0x00000000ff800000| PB 0x00000000ff800000| Complete 
|  57|0x00000000ff900000, 0x00000000ffa00000, 0x00000000ffa00000|100%| E|CS|TAMS 0x00000000ff900000| PB 0x00000000ff900000| Complete 
|  58|0x00000000ffa00000, 0x00000000ffb00000, 0x00000000ffb00000|100%| E|CS|TAMS 0x00000000ffa00000| PB 0x00000000ffa00000| Complete 
|  59|0x00000000ffb00000, 0x00000000ffc00000, 0x00000000ffc00000|100%| E|CS|TAMS 0x00000000ffb00000| PB 0x00000000ffb00000| Complete 
|  60|0x00000000ffc00000, 0x00000000ffd00000, 0x00000000ffd00000|100%| E|CS|TAMS 0x00000000ffc00000| PB 0x00000000ffc00000| Complete 
|  61|0x00000000ffd00000, 0x00000000ffe00000, 0x00000000ffe00000|100%| E|CS|TAMS 0x00000000ffd00000| PB 0x00000000ffd00000| Complete 
|  62|0x00000000ffe00000, 0x00000000fff00000, 0x00000000fff00000|100%| E|  |TAMS 0x00000000ffe00000| PB 0x00000000ffe00000| Complete 
|  63|0x00000000fff00000, 0x0000000100000000, 0x0000000100000000|100%| E|CS|TAMS 0x00000000fff00000| PB 0x00000000fff00000| Complete 

Card table byte_map: [0x000001c1d3e60000,0x000001c1d3e80000] _byte_map_base: 0x000001c1d3680000

Marking Bits: (CMBitMap*) 0x000001c1d3f399a0
 Bits: [0x000001c1e63c0000, 0x000001c1e64c0000)

Polling page: 0x000001c1d1f20000

Metaspace:

Usage:
  Non-class:     16.66 MB used.
      Class:      2.25 MB used.
       Both:     18.91 MB used.

Virtual space:
  Non-class space:       64.00 MB reserved,      16.81 MB ( 26%) committed,  1 nodes.
      Class space:        1.00 GB reserved,       2.44 MB ( <1%) committed,  1 nodes.
             Both:        1.06 GB reserved,      19.25 MB (  2%) committed. 

Chunk freelists:
   Non-Class:  14.52 MB
       Class:  13.55 MB
        Both:  28.06 MB

MaxMetaspaceSize: unlimited
CompressedClassSpaceSize: 1.00 GB
Initial GC threshold: 21.00 MB
Current GC threshold: 21.00 MB
CDS: off
 - commit_granule_bytes: 65536.
 - commit_granule_words: 8192.
 - virtual_space_node_default_size: 8388608.
 - enlarge_chunks_in_place: 1.
 - use_allocation_guard: 0.


Internal statistics:

num_allocs_failed_limit: 0.
num_arena_births: 282.
num_arena_deaths: 0.
num_vsnodes_births: 2.
num_vsnodes_deaths: 0.
num_space_committed: 308.
num_space_uncommitted: 0.
num_chunks_returned_to_freelist: 0.
num_chunks_taken_from_freelist: 603.
num_chunk_merges: 0.
num_chunk_splits: 394.
num_chunks_enlarged: 283.
num_inconsistent_stats: 0.

CodeHeap 'non-profiled nmethods': size=120000Kb used=727Kb max_used=727Kb free=119272Kb
 bounds [0x000001c1deb50000, 0x000001c1dedc0000, 0x000001c1e6080000]
CodeHeap 'profiled nmethods': size=120000Kb used=3075Kb max_used=3075Kb free=116924Kb
 bounds [0x000001c1d7080000, 0x000001c1d7390000, 0x000001c1de5b0000]
CodeHeap 'non-nmethods': size=5760Kb used=1393Kb max_used=1418Kb free=4366Kb
 bounds [0x000001c1de5b0000, 0x000001c1de820000, 0x000001c1deb50000]
CodeCache: size=245760Kb, used=5195Kb, max_used=5220Kb, free=240562Kb
 total_blobs=2219, nmethods=1710, adapters=414, full_count=0
Compilation: enabled, stopped_count=0, restarted_count=0

Compilation events (20 events):
Event: 48.394 Thread 0x000001c1e90bd800 nmethod 1679 0x000001c1debfd410 code [0x000001c1debfd620, 0x000001c1debfdce8]
Event: 48.394 Thread 0x000001c1e90bd800 1699       4       jdk.internal.org.objectweb.asm.Frame::execute (2305 bytes)
Event: 48.395 Thread 0x000001c1ee07b910 nmethod 1685 0x000001c1debfe090 code [0x000001c1debfe280, 0x000001c1debfe940]
Event: 48.395 Thread 0x000001c1ee07b910 1686       4       java.lang.invoke.LambdaForm$BasicType::basicType (187 bytes)
Event: 48.395 Thread 0x000001c1ee07b910 nmethod 1686 0x000001c1debfeb90 code [0x000001c1debfed20, 0x000001c1debfee28]
Event: 48.395 Thread 0x000001c1ee07b910 1701       4       jdk.internal.org.objectweb.asm.Frame::getLocal (46 bytes)
Event: 48.395 Thread 0x000001c1ee07b910 nmethod 1701 0x000001c1debfee90 code [0x000001c1debff020, 0x000001c1debff118]
Event: 48.398 Thread 0x000001c1ee07b910 1703       4       java.lang.AbstractStringBuilder::append (55 bytes)
Event: 48.399 Thread 0x000001c1e90c06b0 1704       3       jdk.internal.loader.URLClassPath$JarLoader$2::getBytes (48 bytes)
Event: 48.400 Thread 0x000001c1e90c06b0 nmethod 1704 0x000001c1d737e790 code [0x000001c1d737e9a0, 0x000001c1d737f088]
Event: 48.400 Thread 0x000001c1e90c06b0 1705       3       java.util.zip.CRC32::getValue (10 bytes)
Event: 48.400 Thread 0x000001c1e90c06b0 nmethod 1705 0x000001c1d737f310 code [0x000001c1d737f4a0, 0x000001c1d737f5c0]
Event: 48.402 Thread 0x000001c1e90c06b0 1706       3       java.io.File::<init> (111 bytes)
Event: 48.403 Thread 0x000001c1e90c06b0 nmethod 1706 0x000001c1d737f690 code [0x000001c1d737f940, 0x000001c1d7380450]
Event: 48.406 Thread 0x000001c1ee07b910 nmethod 1703 0x000001c1debff510 code [0x000001c1debff700, 0x000001c1dec001d8]
Event: 48.416 Thread 0x000001c1e90bd800 nmethod 1699 0x000001c1dec00690 code [0x000001c1dec01600, 0x000001c1dec03610]
Event: 48.454 Thread 0x000001c1e90c06b0 1708       1       org.gradle.internal.logging.text.AbstractLineChoppingStyledTextOutput$SeenFromEol::size (5 bytes)
Event: 48.454 Thread 0x000001c1e90c06b0 nmethod 1708 0x000001c1dec05810 code [0x000001c1dec059a0, 0x000001c1dec05a68]
Event: 48.454 Thread 0x000001c1e90c06b0 1709       1       org.gradle.internal.logging.text.AbstractLineChoppingStyledTextOutput$StateContext::access$000 (5 bytes)
Event: 48.454 Thread 0x000001c1e90c06b0 nmethod 1709 0x000001c1dec05b10 code [0x000001c1dec05ca0, 0x000001c1dec05d50]

GC Heap History (2 events):
Event: 19.665 GC heap before
{Heap before GC invocations=0 (full 0):
 garbage-first heap   total 65536K, used 22528K [0x00000000fc000000, 0x0000000100000000)
  region size 1024K, 23 young (23552K), 0 survivors (0K)
 Metaspace       used 11151K, committed 11328K, reserved 1114112K
  class space    used 1184K, committed 1280K, reserved 1048576K
}
Event: 19.670 GC heap after
{Heap after GC invocations=1 (full 0):
 garbage-first heap   total 65536K, used 5440K [0x00000000fc000000, 0x0000000100000000)
  region size 1024K, 3 young (3072K), 3 survivors (3072K)
 Metaspace       used 11151K, committed 11328K, reserved 1114112K
  class space    used 1184K, committed 1280K, reserved 1048576K
}

Dll operation events (3 events):
Event: 10.221 Loaded shared library D:\Android Studio\jbr\bin\java.dll
Event: 10.293 Loaded shared library D:\Android Studio\jbr\bin\zip.dll
Event: 32.498 Loaded shared library D:\Android Studio\jbr\bin\verify.dll

Deoptimization events (20 events):
Event: 37.781 Thread 0x000001c1d1bdfdf0 Uncommon trap: trap_request=0xffffffde fr.pc=0x000001c1deb75b24 relative=0x0000000000000084
Event: 37.781 Thread 0x000001c1d1bdfdf0 Uncommon trap: reason=class_check action=maybe_recompile pc=0x000001c1deb75b24 method=java.util.AbstractList$Itr.hasNext()Z @ 8 c2
Event: 37.781 Thread 0x000001c1d1bdfdf0 DEOPT PACKING pc=0x000001c1deb75b24 sp=0x0000004eea8fd3e0
Event: 37.781 Thread 0x000001c1d1bdfdf0 DEOPT UNPACKING pc=0x000001c1de6046a2 sp=0x0000004eea8fd378 mode 2
Event: 37.781 Thread 0x000001c1d1bdfdf0 Uncommon trap: trap_request=0xffffffde fr.pc=0x000001c1deb7c804 relative=0x00000000000000e4
Event: 37.781 Thread 0x000001c1d1bdfdf0 Uncommon trap: reason=class_check action=maybe_recompile pc=0x000001c1deb7c804 method=java.util.AbstractList$Itr.next()Ljava/lang/Object; @ 14 c2
Event: 37.781 Thread 0x000001c1d1bdfdf0 DEOPT PACKING pc=0x000001c1deb7c804 sp=0x0000004eea8fd3d0
Event: 37.781 Thread 0x000001c1d1bdfdf0 DEOPT UNPACKING pc=0x000001c1de6046a2 sp=0x0000004eea8fd368 mode 2
Event: 37.848 Thread 0x000001c1d1bdfdf0 Uncommon trap: trap_request=0xffffff45 fr.pc=0x000001c1debdeaa8 relative=0x0000000000000848
Event: 37.848 Thread 0x000001c1d1bdfdf0 Uncommon trap: reason=unstable_if action=reinterpret pc=0x000001c1debdeaa8 method=jdk.internal.org.objectweb.asm.Frame.execute(IILjdk/internal/org/objectweb/asm/Symbol;Ljdk/internal/org/objectweb/asm/SymbolTable;)V @ 1 c2
Event: 37.848 Thread 0x000001c1d1bdfdf0 DEOPT PACKING pc=0x000001c1debdeaa8 sp=0x0000004eea8fc070
Event: 37.848 Thread 0x000001c1d1bdfdf0 DEOPT UNPACKING pc=0x000001c1de6046a2 sp=0x0000004eea8fbff8 mode 2
Event: 48.335 Thread 0x000001c1d1bdfdf0 Uncommon trap: trap_request=0xffffff45 fr.pc=0x000001c1debe80dc relative=0x000000000000079c
Event: 48.335 Thread 0x000001c1d1bdfdf0 Uncommon trap: reason=unstable_if action=reinterpret pc=0x000001c1debe80dc method=java.util.regex.Matcher.search(I)Z @ 30 c2
Event: 48.335 Thread 0x000001c1d1bdfdf0 DEOPT PACKING pc=0x000001c1debe80dc sp=0x0000004eea8fd760
Event: 48.335 Thread 0x000001c1d1bdfdf0 DEOPT UNPACKING pc=0x000001c1de6046a2 sp=0x0000004eea8fd740 mode 2
Event: 48.337 Thread 0x000001c1d1bdfdf0 Uncommon trap: trap_request=0xffffff45 fr.pc=0x000001c1debe69c8 relative=0x0000000000000168
Event: 48.337 Thread 0x000001c1d1bdfdf0 Uncommon trap: reason=unstable_if action=reinterpret pc=0x000001c1debe69c8 method=java.util.regex.Pattern$BmpCharPropertyGreedy.match(Ljava/util/regex/Matcher;ILjava/lang/CharSequence;)Z @ 12 c2
Event: 48.337 Thread 0x000001c1d1bdfdf0 DEOPT PACKING pc=0x000001c1debe69c8 sp=0x0000004eea8fd6d0
Event: 48.337 Thread 0x000001c1d1bdfdf0 DEOPT UNPACKING pc=0x000001c1de6046a2 sp=0x0000004eea8fd668 mode 2

Classes loaded (20 events):
Event: 48.379 Loading class java/lang/invoke/BoundMethodHandle$Species_LLLLLLLLLLLLLL done
Event: 48.381 Loading class java/lang/invoke/BoundMethodHandle$Species_LLLLLLLLLLLLLLL
Event: 48.381 Loading class java/lang/invoke/BoundMethodHandle$Species_LLLLLLLLLLLLLLL done
Event: 48.383 Loading class java/lang/invoke/BoundMethodHandle$Species_LLLLLLLLLLLLLLLL
Event: 48.383 Loading class java/lang/invoke/BoundMethodHandle$Species_LLLLLLLLLLLLLLLL done
Event: 48.384 Loading class java/lang/invoke/BoundMethodHandle$Species_LLLLLLLLLLLLLLLLL
Event: 48.384 Loading class java/lang/invoke/BoundMethodHandle$Species_LLLLLLLLLLLLLLLLL done
Event: 48.386 Loading class java/lang/invoke/BoundMethodHandle$Species_LLLLLLLLLLLLLLLLLL
Event: 48.386 Loading class java/lang/invoke/BoundMethodHandle$Species_LLLLLLLLLLLLLLLLLL done
Event: 48.388 Loading class java/lang/invoke/BoundMethodHandle$Species_LLLLLLLLLLLLLLLLLLL
Event: 48.388 Loading class java/lang/invoke/BoundMethodHandle$Species_LLLLLLLLLLLLLLLLLLL done
Event: 48.389 Loading class java/lang/invoke/BoundMethodHandle$Species_LLLLLLLLLLLLLLLLLLLL
Event: 48.389 Loading class java/lang/invoke/BoundMethodHandle$Species_LLLLLLLLLLLLLLLLLLLL done
Event: 48.390 Loading class java/lang/invoke/BoundMethodHandle$Species_LLLLLLLLLLLLLLLLLLLLL
Event: 48.390 Loading class java/lang/invoke/BoundMethodHandle$Species_LLLLLLLLLLLLLLLLLLLLL done
Event: 48.409 Loading class java/security/NoSuchAlgorithmException
Event: 48.409 Loading class java/security/GeneralSecurityException
Event: 48.409 Loading class java/security/GeneralSecurityException done
Event: 48.409 Loading class java/security/NoSuchAlgorithmException done
Event: 48.410 Loading class sun/security/provider/SHA5$SHA512

Classes unloaded (0 events):
No events

Classes redefined (0 events):
No events

Internal exceptions (20 events):
Event: 37.739 Thread 0x000001c1d1bdfdf0 Exception <a 'java/lang/NoSuchMethodError'{0x00000000ff2d3bb0}: 'java.lang.Object java.lang.invoke.DirectMethodHandle$Holder.newInvokeSpecial(java.lang.Object, java.lang.Object, java.lang.Object, java.lang.Object, java.lang.Object, java.lang.Object, java.lang.Object, java.lang.Object)'> (0x00000000ff2d3bb0) 
thrown [s\src\hotspot\share\interpreter\linkResolver.cpp, line 784]
Event: 37.751 Thread 0x000001c1d1bdfdf0 Exception <a 'java/lang/NoSuchMethodError'{0x00000000ff008298}: 'java.lang.Object java.lang.invoke.DirectMethodHandle$Holder.invokeVirtual(java.lang.Object, java.lang.Object, java.lang.Object, java.lang.Object, java.lang.Object, java.lang.Object, java.lang.Object, java.lang.Object, java.lang.Object)'> (0x00000000ff008298) 
thrown [s\src\hotspot\share\interpreter\linkResolver.cpp, line 784]
Event: 37.775 Thread 0x000001c1d1bdfdf0 Exception <a 'java/lang/NoSuchMethodError'{0x00000000fee27218}: 'java.lang.Object java.lang.invoke.DirectMethodHandle$Holder.invokeVirtual(java.lang.Object, java.lang.Object, java.lang.Object, java.lang.Object, java.lang.Object, java.lang.Object, java.lang.Object, java.lang.Object)'> (0x00000000fee27218) 
thrown [s\src\hotspot\share\interpreter\linkResolver.cpp, line 784]
Event: 37.799 Thread 0x000001c1d1bdfdf0 Exception <a 'java/lang/NoSuchMethodError'{0x00000000feee48e8}: 'java.lang.Object java.lang.invoke.DirectMethodHandle$Holder.invokeStaticInit(java.lang.Object, java.lang.Object, int, int, int, int)'> (0x00000000feee48e8) 
thrown [s\src\hotspot\share\interpreter\linkResolver.cpp, line 784]
Event: 37.825 Thread 0x000001c1d1bdfdf0 Exception <a 'java/lang/NoSuchMethodError'{0x00000000fedaab80}: 'void java.lang.invoke.DirectMethodHandle$Holder.invokeInterface(java.lang.Object, java.lang.Object, java.lang.Object)'> (0x00000000fedaab80) 
thrown [s\src\hotspot\share\interpreter\linkResolver.cpp, line 784]
Event: 37.828 Thread 0x000001c1d1bdfdf0 Exception <a 'java/net/ConnectException'{0x00000000fedbbb48}: Connection refused: getsockopt> (0x00000000fedbbb48) 
thrown [s\src\hotspot\share\prims\jni.cpp, line 572]
Event: 48.372 Thread 0x000001c1d1bdfdf0 Exception <a 'java/lang/NoSuchMethodError'{0x00000000fe910f68}: 'java.lang.Object java.lang.invoke.DelegatingMethodHandle$Holder.reinvoke_L(java.lang.Object, java.lang.Object, java.lang.Object, java.lang.Object, java.lang.Object, java.lang.Object, java.lang.Object, java.lang.Object, java.lang.Object, java.lang.Object, java.lang.Object, java.lang.Object, java.lang.Object, java.lang.Object, java.lang.Object, java.lang.Object, java.lang.Object, java.lang.Object, java.lang.Object, java.lang.Object, java.lang.O
Event: 48.375 Thread 0x000001c1d1bdfdf0 Exception <a 'java/lang/NoSuchMethodError'{0x00000000fe95a8a0}: 'java.lang.Object java.lang.invoke.DirectMethodHandle$Holder.invokeStatic(java.lang.Object, java.lang.Object, java.lang.Object, java.lang.Object, java.lang.Object, java.lang.Object, java.lang.Object, java.lang.Object, java.lang.Object, java.lang.Object, java.lang.Object, java.lang.Object, java.lang.Object)'> (0x00000000fe95a8a0) 
thrown [s\src\hotspot\share\interpreter\linkResolver.cpp, line 784]
Event: 48.377 Thread 0x000001c1d1bdfdf0 Exception <a 'java/lang/NoSuchMethodError'{0x00000000fe97a640}: 'java.lang.Object java.lang.invoke.DirectMethodHandle$Holder.invokeStatic(java.lang.Object, java.lang.Object, java.lang.Object, java.lang.Object, java.lang.Object, java.lang.Object, java.lang.Object, java.lang.Object, java.lang.Object, java.lang.Object, java.lang.Object, java.lang.Object, java.lang.Object, java.lang.Object)'> (0x00000000fe97a640) 
thrown [s\src\hotspot\share\interpreter\linkResolver.cpp, line 784]
Event: 48.378 Thread 0x000001c1d1bdfdf0 Exception <a 'java/lang/NoSuchMethodError'{0x00000000fe99b6b8}: 'java.lang.Object java.lang.invoke.DirectMethodHandle$Holder.invokeStatic(java.lang.Object, java.lang.Object, java.lang.Object, java.lang.Object, java.lang.Object, java.lang.Object, java.lang.Object, java.lang.Object, java.lang.Object, java.lang.Object, java.lang.Object, java.lang.Object, java.lang.Object, java.lang.Object, java.lang.Object)'> (0x00000000fe99b6b8) 
thrown [s\src\hotspot\share\interpreter\linkResolver.cpp, line 784]
Event: 48.379 Thread 0x000001c1d1bdfdf0 Exception <a 'java/lang/NoSuchMethodError'{0x00000000fe9be810}: 'java.lang.Object java.lang.invoke.DirectMethodHandle$Holder.invokeStatic(java.lang.Object, java.lang.Object, java.lang.Object, java.lang.Object, java.lang.Object, java.lang.Object, java.lang.Object, java.lang.Object, java.lang.Object, java.lang.Object, java.lang.Object, java.lang.Object, java.lang.Object, java.lang.Object, java.lang.Object, java.lang.Object)'> (0x00000000fe9be810) 
thrown [s\src\hotspot\share\interpreter\linkResolver.cpp, lin
Event: 48.380 Thread 0x000001c1d1bdfdf0 Exception <a 'java/lang/NoSuchMethodError'{0x00000000fe9e5198}: 'java.lang.Object java.lang.invoke.DirectMethodHandle$Holder.invokeStatic(java.lang.Object, java.lang.Object, java.lang.Object, java.lang.Object, java.lang.Object, java.lang.Object, java.lang.Object, java.lang.Object, java.lang.Object, java.lang.Object, java.lang.Object, java.lang.Object, java.lang.Object, java.lang.Object, java.lang.Object, java.lang.Object, java.lang.Object)'> (0x00000000fe9e5198) 
thrown [s\src\hotspot\share\interpreter\lin
Event: 48.382 Thread 0x000001c1d1bdfdf0 Exception <a 'java/lang/NoSuchMethodError'{0x00000000fe50cb50}: 'java.lang.Object java.lang.invoke.DirectMethodHandle$Holder.invokeStatic(java.lang.Object, java.lang.Object, java.lang.Object, java.lang.Object, java.lang.Object, java.lang.Object, java.lang.Object, java.lang.Object, java.lang.Object, java.lang.Object, java.lang.Object, java.lang.Object, java.lang.Object, java.lang.Object, java.lang.Object, java.lang.Object, java.lang.Object, java.lang.Object)'> (0x00000000fe50cb50) 
thrown [s\src\hotspot\sha
Event: 48.383 Thread 0x000001c1d1bdfdf0 Exception <a 'java/lang/NoSuchMethodError'{0x00000000fe535220}: 'java.lang.Object java.lang.invoke.DirectMethodHandle$Holder.invokeStatic(java.lang.Object, java.lang.Object, java.lang.Object, java.lang.Object, java.lang.Object, java.lang.Object, java.lang.Object, java.lang.Object, java.lang.Object, java.lang.Object, java.lang.Object, java.lang.Object, java.lang.Object, java.lang.Object, java.lang.Object, java.lang.Object, java.lang.Object, java.lang.Object, java.lang.Object)'> (0x00000000fe535220) 
thrown 
Event: 48.385 Thread 0x000001c1d1bdfdf0 Exception <a 'java/lang/NoSuchMethodError'{0x00000000fe55eb58}: 'java.lang.Object java.lang.invoke.DirectMethodHandle$Holder.invokeStatic(java.lang.Object, java.lang.Object, java.lang.Object, java.lang.Object, java.lang.Object, java.lang.Object, java.lang.Object, java.lang.Object, java.lang.Object, java.lang.Object, java.lang.Object, java.lang.Object, java.lang.Object, java.lang.Object, java.lang.Object, java.lang.Object, java.lang.Object, java.lang.Object, java.lang.Object, java.lang.Object)'> (0x00000000
Event: 48.387 Thread 0x000001c1d1bdfdf0 Exception <a 'java/lang/NoSuchMethodError'{0x00000000fe5891c8}: 'java.lang.Object java.lang.invoke.DirectMethodHandle$Holder.invokeStatic(java.lang.Object, java.lang.Object, java.lang.Object, java.lang.Object, java.lang.Object, java.lang.Object, java.lang.Object, java.lang.Object, java.lang.Object, java.lang.Object, java.lang.Object, java.lang.Object, java.lang.Object, java.lang.Object, java.lang.Object, java.lang.Object, java.lang.Object, java.lang.Object, java.lang.Object, java.lang.Object, java.lang.Obj
Event: 48.388 Thread 0x000001c1d1bdfdf0 Exception <a 'java/lang/NoSuchMethodError'{0x00000000fe5b44a0}: 'java.lang.Object java.lang.invoke.DirectMethodHandle$Holder.invokeStatic(java.lang.Object, java.lang.Object, java.lang.Object, java.lang.Object, java.lang.Object, java.lang.Object, java.lang.Object, java.lang.Object, java.lang.Object, java.lang.Object, java.lang.Object, java.lang.Object, java.lang.Object, java.lang.Object, java.lang.Object, java.lang.Object, java.lang.Object, java.lang.Object, java.lang.Object, java.lang.Object, java.lang.Obj
Event: 48.389 Thread 0x000001c1d1bdfdf0 Exception <a 'java/lang/NoSuchMethodError'{0x00000000fe5e0228}: 'java.lang.Object java.lang.invoke.DirectMethodHandle$Holder.invokeStatic(java.lang.Object, java.lang.Object, java.lang.Object, java.lang.Object, java.lang.Object, java.lang.Object, java.lang.Object, java.lang.Object, java.lang.Object, java.lang.Object, java.lang.Object, java.lang.Object, java.lang.Object, java.lang.Object, java.lang.Object, java.lang.Object, java.lang.Object, java.lang.Object, java.lang.Object, java.lang.Object, java.lang.Obj
Event: 48.391 Thread 0x000001c1d1bdfdf0 Exception <a 'java/lang/NoSuchMethodError'{0x00000000fe40e128}: 'java.lang.Object java.lang.invoke.DirectMethodHandle$Holder.invokeStatic(java.lang.Object, java.lang.Object, java.lang.Object, java.lang.Object, java.lang.Object, java.lang.Object, java.lang.Object, java.lang.Object, java.lang.Object, java.lang.Object, java.lang.Object, java.lang.Object, java.lang.Object, java.lang.Object, java.lang.Object, java.lang.Object, java.lang.Object, java.lang.Object, java.lang.Object, java.lang.Object, java.lang.Obj
Event: 48.404 Thread 0x000001c1d1bdfdf0 Exception <a 'java/lang/NoSuchMethodError'{0x00000000fe4a7490}: 'long java.lang.invoke.DirectMethodHandle$Holder.invokeInterface(java.lang.Object, java.lang.Object)'> (0x00000000fe4a7490) 
thrown [s\src\hotspot\share\interpreter\linkResolver.cpp, line 784]

ZGC Phase Switch (0 events):
No events

VM Operations (20 events):
Event: 32.398 Executing VM operation: HandshakeAllThreads (Deoptimize)
Event: 32.398 Executing VM operation: HandshakeAllThreads (Deoptimize) done
Event: 32.441 Executing VM operation: HandshakeAllThreads (Deoptimize)
Event: 32.441 Executing VM operation: HandshakeAllThreads (Deoptimize) done
Event: 33.451 Executing VM operation: Cleanup
Event: 33.451 Executing VM operation: Cleanup done
Event: 36.477 Executing VM operation: Cleanup
Event: 36.477 Executing VM operation: Cleanup done
Event: 37.795 Executing VM operation: HandshakeAllThreads (Deoptimize)
Event: 37.795 Executing VM operation: HandshakeAllThreads (Deoptimize) done
Event: 37.795 Executing VM operation: Cleanup
Event: 37.795 Executing VM operation: Cleanup done
Event: 38.797 Executing VM operation: Cleanup
Event: 38.797 Executing VM operation: Cleanup done
Event: 43.108 Executing VM operation: HandshakeAllThreads (Deoptimize)
Event: 43.108 Executing VM operation: HandshakeAllThreads (Deoptimize) done
Event: 43.108 Executing VM operation: Cleanup
Event: 43.108 Executing VM operation: Cleanup done
Event: 44.116 Executing VM operation: Cleanup
Event: 48.264 Executing VM operation: Cleanup done

Memory protections (0 events):
No events

Nmethod flushes (0 events):
No events

Events (20 events):
Event: 10.349 Thread 0x000001c1d1bdfdf0 Thread added: 0x000001c1e9169250
Event: 10.412 Loaded shared library D:\Android Studio\jbr\bin\net.dll
Event: 10.493 Loaded shared library D:\Android Studio\jbr\bin\nio.dll
Event: 10.499 Loaded shared library D:\Android Studio\jbr\bin\zip.dll
Event: 12.503 Thread 0x000001c1e90c06b0 Thread added: 0x000001c1e95923d0
Event: 12.508 Thread 0x000001c1e95923d0 Thread added: 0x000001c1e95a5770
Event: 12.512 Loaded shared library D:\Android Studio\jbr\bin\jimage.dll
Event: 12.731 Thread 0x000001c1e95a5770 Thread exited: 0x000001c1e95a5770
Event: 12.732 Thread 0x000001c1e95923d0 Thread exited: 0x000001c1e95923d0
Event: 19.123 Thread 0x000001c1e90c06b0 Thread added: 0x000001c1e9461cf0
Event: 19.305 Thread 0x000001c1e9461cf0 Thread exited: 0x000001c1e9461cf0
Event: 22.264 Loaded shared library D:\Android Studio\jbr\bin\management.dll
Event: 32.339 Loaded shared library D:\Android Studio\jbr\bin\management_ext.dll
Event: 32.381 Loaded shared library C:\Users\User\.gradle\native\660c5614fbf4a5f2a75b1949f50a0caf5cd603558e7d8a26e50b933a0cfb79d1\windows-amd64\native-platform.dll
Event: 32.397 Thread 0x000001c1d1bdfdf0 Thread added: 0x000001c1e91698e0
Event: 32.411 Thread 0x000001c1e91698e0 Thread exited: 0x000001c1e91698e0
Event: 32.433 Loaded shared library C:\Users\User\.gradle\native\jansi\2.4.2\Windows\x86_64\jansi.dll
Event: 32.441 Thread 0x000001c1d1bdfdf0 Thread added: 0x000001c1e9168530
Event: 37.714 Loaded shared library D:\Android Studio\jbr\bin\extnet.dll
Event: 48.290 Thread 0x000001c1e90c06b0 Thread added: 0x000001c1ee07b910


Dynamic libraries:
0x00007ff71f520000 - 0x00007ff71f52a000 	D:\Android Studio\jbr\bin\java.exe
0x00007ffb5a5d0000 - 0x00007ffb5a7c8000 	C:\Windows\SYSTEM32\ntdll.dll
0x00007ffb59a40000 - 0x00007ffb59afd000 	C:\Windows\System32\KERNEL32.DLL
0x00007ffb58080000 - 0x00007ffb58376000 	C:\Windows\System32\KERNELBASE.dll
0x00007ffb58380000 - 0x00007ffb58480000 	C:\Windows\System32\ucrtbase.dll
0x00007ffb43620000 - 0x00007ffb4363b000 	D:\Android Studio\jbr\bin\VCRUNTIME140.dll
0x00007ffb424e0000 - 0x00007ffb424f8000 	D:\Android Studio\jbr\bin\jli.dll
0x00007ffb58f40000 - 0x00007ffb590df000 	C:\Windows\System32\USER32.dll
0x00007ffb57ef0000 - 0x00007ffb57f12000 	C:\Windows\System32\win32u.dll
0x00007ffb57050000 - 0x00007ffb572ea000 	C:\Windows\WinSxS\amd64_microsoft.windows.common-controls_6595b64144ccf1df_6.0.19041.3636_none_60b6a03d71f818d5\COMCTL32.dll
0x00007ffb59bf0000 - 0x00007ffb59c1b000 	C:\Windows\System32\GDI32.dll
0x00007ffb58ea0000 - 0x00007ffb58f3e000 	C:\Windows\System32\msvcrt.dll
0x00007ffb57c80000 - 0x00007ffb57d97000 	C:\Windows\System32\gdi32full.dll
0x00007ffb57da0000 - 0x00007ffb57e3d000 	C:\Windows\System32\msvcp_win.dll
0x00007ffb59b00000 - 0x00007ffb59b32000 	C:\Windows\System32\IMM32.DLL
0x00007ffb54cb0000 - 0x00007ffb54cbc000 	D:\Android Studio\jbr\bin\vcruntime140_1.dll
0x00007ffb325b0000 - 0x00007ffb3263d000 	D:\Android Studio\jbr\bin\msvcp140.dll
0x00007ffac8f10000 - 0x00007ffac9ba6000 	D:\Android Studio\jbr\bin\server\jvm.dll
0x00007ffb5a3b0000 - 0x00007ffb5a460000 	C:\Windows\System32\ADVAPI32.dll
0x00007ffb598c0000 - 0x00007ffb59960000 	C:\Windows\System32\sechost.dll
0x00007ffb58d70000 - 0x00007ffb58e93000 	C:\Windows\System32\RPCRT4.dll
0x00007ffb58480000 - 0x00007ffb584a7000 	C:\Windows\System32\bcrypt.dll
0x00007ffb590e0000 - 0x00007ffb5914b000 	C:\Windows\System32\WS2_32.dll
0x00007ffb57880000 - 0x00007ffb578cb000 	C:\Windows\SYSTEM32\POWRPROF.dll
0x00007ffb523e0000 - 0x00007ffb523ea000 	C:\Windows\SYSTEM32\VERSION.dll
0x00007ffb4b8e0000 - 0x00007ffb4b907000 	C:\Windows\SYSTEM32\WINMM.dll
0x00007ffb573e0000 - 0x00007ffb573f2000 	C:\Windows\SYSTEM32\UMPDC.dll
0x00007ffb55480000 - 0x00007ffb55492000 	C:\Windows\SYSTEM32\kernel.appcore.dll
0x00007ffb42660000 - 0x00007ffb4266a000 	D:\Android Studio\jbr\bin\jimage.dll
0x00007ffb57690000 - 0x00007ffb57874000 	C:\Windows\SYSTEM32\DBGHELP.DLL
0x00007ffb575d0000 - 0x00007ffb57604000 	C:\Windows\SYSTEM32\dbgcore.DLL
0x00007ffb58520000 - 0x00007ffb585a2000 	C:\Windows\System32\bcryptPrimitives.dll
0x00007ffb38050000 - 0x00007ffb38070000 	D:\Android Studio\jbr\bin\java.dll
0x00007ffb37ff0000 - 0x00007ffb38008000 	D:\Android Studio\jbr\bin\zip.dll
0x00007ffb59150000 - 0x00007ffb598bb000 	C:\Windows\System32\SHELL32.dll
0x00007ffb55680000 - 0x00007ffb55e1e000 	C:\Windows\SYSTEM32\windows.storage.dll
0x00007ffb58780000 - 0x00007ffb58ad3000 	C:\Windows\System32\combase.dll
0x00007ffb56f40000 - 0x00007ffb56f6e000 	C:\Windows\SYSTEM32\Wldp.dll
0x00007ffb58c40000 - 0x00007ffb58d0d000 	C:\Windows\System32\OLEAUT32.dll
0x00007ffb58b70000 - 0x00007ffb58c1d000 	C:\Windows\System32\SHCORE.dll
0x00007ffb58d10000 - 0x00007ffb58d65000 	C:\Windows\System32\shlwapi.dll
0x00007ffb57bb0000 - 0x00007ffb57bd3000 	C:\Windows\SYSTEM32\profapi.dll
0x00007ffb3bb90000 - 0x00007ffb3bba0000 	D:\Android Studio\jbr\bin\net.dll
0x00007ffb51a60000 - 0x00007ffb51b6a000 	C:\Windows\SYSTEM32\WINHTTP.dll
0x00007ffb56c80000 - 0x00007ffb56cea000 	C:\Windows\system32\mswsock.dll
0x00007ffb37fd0000 - 0x00007ffb37fe6000 	D:\Android Studio\jbr\bin\nio.dll
0x00007ffb437c0000 - 0x00007ffb437c9000 	D:\Android Studio\jbr\bin\management.dll
0x00007ffb4b7e0000 - 0x00007ffb4b7eb000 	D:\Android Studio\jbr\bin\management_ext.dll
0x00007ffb58c20000 - 0x00007ffb58c28000 	C:\Windows\System32\PSAPI.DLL
0x00007ffb38170000 - 0x00007ffb38197000 	C:\Users\User\.gradle\native\660c5614fbf4a5f2a75b1949f50a0caf5cd603558e7d8a26e50b933a0cfb79d1\windows-amd64\native-platform.dll
0x00007ffb37ee0000 - 0x00007ffb37f04000 	C:\Users\User\.gradle\native\jansi\2.4.2\Windows\x86_64\jansi.dll
0x00007ffb4b7d0000 - 0x00007ffb4b7e0000 	D:\Android Studio\jbr\bin\verify.dll
0x00007ffb569a0000 - 0x00007ffb569db000 	C:\Windows\SYSTEM32\IPHLPAPI.DLL
0x00007ffb58ae0000 - 0x00007ffb58ae8000 	C:\Windows\System32\NSI.dll
0x00007ffb4b7c0000 - 0x00007ffb4b7c9000 	D:\Android Studio\jbr\bin\extnet.dll
0x00007ffb579f0000 - 0x00007ffb57a08000 	C:\Windows\SYSTEM32\CRYPTSP.dll
0x00007ffb56640000 - 0x00007ffb56674000 	C:\Windows\system32\rsaenh.dll
0x00007ffb57b70000 - 0x00007ffb57b9e000 	C:\Windows\SYSTEM32\USERENV.dll
0x00007ffb56eb0000 - 0x00007ffb56ebc000 	C:\Windows\SYSTEM32\CRYPTBASE.dll

JVMTI agents: none

dbghelp: loaded successfully - version: 4.0.5 - missing functions: none
symbol engine: initialized successfully - sym options: 0x614 - pdb path: .;D:\Android Studio\jbr\bin;C:\Windows\SYSTEM32;C:\Windows\WinSxS\amd64_microsoft.windows.common-controls_6595b64144ccf1df_6.0.19041.3636_none_60b6a03d71f818d5;D:\Android Studio\jbr\bin\server;C:\Users\User\.gradle\native\660c5614fbf4a5f2a75b1949f50a0caf5cd603558e7d8a26e50b933a0cfb79d1\windows-amd64;C:\Users\User\.gradle\native\jansi\2.4.2\Windows\x86_64

VM Arguments:
jvm_args: -Xmx64m -Xms64m -Dorg.gradle.appname=gradlew 
java_command: C:\APUMIR\p2p-messenger\android-app\\gradle\wrapper\gradle-wrapper.jar :app:assembleDebug
java_class_path (initial): C:\APUMIR\p2p-messenger\android-app\\gradle\wrapper\gradle-wrapper.jar
Launcher Type: SUN_STANDARD

[Global flags]
     intx CICompilerCount                          = 4                                         {product} {ergonomic}
     uint ConcGCThreads                            = 2                                         {product} {ergonomic}
     uint G1ConcRefinementThreads                  = 8                                         {product} {ergonomic}
   size_t G1HeapRegionSize                         = 1048576                                   {product} {ergonomic}
    uintx GCDrainStackTargetSize                   = 64                                        {product} {ergonomic}
   size_t InitialHeapSize                          = 67108864                                  {product} {command line}
   size_t MarkStackSize                            = 4194304                                   {product} {ergonomic}
   size_t MaxHeapSize                              = 67108864                                  {product} {command line}
   size_t MaxNewSize                               = 39845888                                  {product} {ergonomic}
   size_t MinHeapDeltaBytes                        = 1048576                                   {product} {ergonomic}
   size_t MinHeapSize                              = 67108864                                  {product} {command line}
    uintx NonNMethodCodeHeapSize                   = 5839372                                {pd product} {ergonomic}
    uintx NonProfiledCodeHeapSize                  = 122909434                              {pd product} {ergonomic}
    uintx ProfiledCodeHeapSize                     = 122909434                              {pd product} {ergonomic}
    uintx ReservedCodeCacheSize                    = 251658240                              {pd product} {ergonomic}
     bool SegmentedCodeCache                       = true                                      {product} {ergonomic}
   size_t SoftMaxHeapSize                          = 67108864                               {manageable} {ergonomic}
     bool UseCompressedOops                        = true                           {product lp64_product} {ergonomic}
     bool UseG1GC                                  = true                                      {product} {ergonomic}
     bool UseLargePagesIndividualAllocation        = false                                  {pd product} {ergonomic}

Logging:
Log output configuration:
 #0: stdout all=warning uptime,level,tags foldmultilines=false
 #1: stderr all=off uptime,level,tags foldmultilines=false

Environment Variables:
JAVA_HOME=D:\Android Studio\jbr
PATH=C:\Program Files\Eclipse Adoptium\jdk-25.0.3.9-hotspot\bin;C:\Program Files\Eclipse Adoptium\jdk-17.0.17.10-hotspot\bin;C:\ProgramData\Oracle\Java\javapath;C:\Windows\system32;C:\Windows;C:\Windows\System32\Wbem;C:\Windows\System32\WindowsPowerShell\v1.0\;C:\Windows\System32\OpenSSH\;C:\Program Files\7-Zip;C:\Program Files\WireGuard\;C:\Program Files\dotnet\;D:\JS\;C:\Program Files\Docker\Docker\resources\bin;C:\Program Files\Microsoft SQL Server\170\Tools\Binn\;C:\Program Files\Microsoft SQL Server\Client SDK\ODBC\170\Tools\Binn\;D:\src\flutter\bin;C:\Program Files\Git\cmd;C:\Program Files\Eclipse Adoptium\jdk-17.0.17.10-hotspot\bin;C:\ProgramData\Oracle\Java\javapath;C:\Windows\system32;C:\Windows;C:\Windows\System32\Wbem;C:\Windows\System32\WindowsPowerShell\v1.0\;C:\Windows\System32\OpenSSH\;C:\Program Files\7-Zip;C:\Program Files\WireGuard\;C:\Program Files\dotnet\;D:\JS\;C:\Program Files\Docker\Docker\resources\bin;C:\Program Files\Microsoft SQL Server\170\Tools\Binn\;C:\Program Files\Microsoft SQL Server\Client SDK\ODBC\170\Tools\Binn\;C:\Program Files\Eclipse Adoptium\jdk-17.0.17.10-hotspot\bin;C:\ProgramData\Oracle\Java\javapath;C:\Windows\system32;C:\Windows;C:\Windows\System32\Wbem;C:\Windows\System32\WindowsPowerShell\v1.0\;C:\Windows\System32\OpenSSH\;C:\Program Files\7-Zip;C:\Program Files\WireGuard\;C:\Program Files\dotnet\;D:\JS\;C:\Program Files\Docker\Docker\resources\bin;C:\Program Files\Microsoft SQL Server\170\Tools\Binn\;C:\Program Files\Microsoft SQL Server\Client SDK\ODBC\170\Tools\Binn\;C:\Program Files\Git\cmd;C:\Users\User\.cargo\bin;C:\Users\User\AppData\Local\Microsoft\WindowsApps;C:\Program Files\JetBrains\PyCharm Community Edition 2022.3.2\bin;C:\Users\User\AppData\Local\Programs\cursor\resources\app\bin;C:\Users\User\.lmstudio\bin;D:\VS_CODE\bin;C:\Users\User\AppData\Roaming\npm;C:\Users\User\AppData\Local\Python\bin;C:\Users\User\.dotnet\tools;C:\Users\User\AppData\Local\Android\Sdk\ndk\30.0.15729638;C:\Users\User\AppData\Local\Android\Sdk\platform-tools;
USERNAME=User
OS=Windows_NT
PROCESSOR_IDENTIFIER=Intel64 Family 6 Model 158 Stepping 9, GenuineIntel
TMP=C:\Users\User\AppData\Local\Temp
TEMP=C:\Users\User\AppData\Local\Temp




Periodic native trim disabled

JNI global refs:
JNI global refs: 17, weak refs: 0

JNI global refs memory usage: 835, weak refs: 201

Process memory usage:
Resident Set Size: 105380K (0% of 16736020K total physical memory with 10930104K free physical memory)

OOME stack traces (most recent first):
Classloader memory used:
Loader bootstrap                                                                       : 13696K
Loader org.gradle.internal.classloader.VisitableURLClassLoader                         : 5373K
Loader java.net.URLClassLoader                                                         : 186K
Loader jdk.internal.loader.ClassLoaders$AppClassLoader                                 : 100K
Loader jdk.internal.loader.ClassLoaders$PlatformClassLoader                            : 6144B

Classes loaded by more than one classloader:
Class org.gradle.cli.CommandLineParser                                                : loaded 2 times (x 79B)
Class org.gradle.internal.service.UnknownServiceException                             : loaded 2 times (x 83B)
Class org.gradle.cli.CommandLineArgumentException                                     : loaded 2 times (x 82B)
Class org.gradle.cli.CommandLineParser$KnownOptionParserState                         : loaded 2 times (x 76B)
Class org.gradle.internal.classpath.DefaultClassPath$ImmutableUniqueList              : loaded 2 times (x 199B)
Class org.gradle.cli.CommandLineParser$OptionAwareParserState                         : loaded 2 times (x 77B)
Class org.gradle.cli.ParsedCommandLine                                                : loaded 2 times (x 80B)
Class org.gradle.internal.classpath.ClassPath                                         : loaded 2 times (x 70B)
Class org.gradle.cli.CommandLineParser$UnknownOptionParserState                       : loaded 2 times (x 76B)
Class org.gradle.cli.ParsedCommandLineOption                                          : loaded 2 times (x 76B)
Class org.gradle.api.internal.classpath.ModuleRegistry                                : loaded 2 times (x 70B)
Class org.gradle.internal.installation.GradleInstallation$1                           : loaded 2 times (x 75B)
Class org.gradle.cli.CommandLineOption                                                : loaded 2 times (x 88B)
Class org.gradle.cli.CommandLineParser$BeforeFirstSubCommand                          : loaded 2 times (x 77B)
Class org.gradle.internal.service.ServiceLookupException                              : loaded 2 times (x 82B)
Class org.gradle.cli.CommandLineParser$OptionParserState                              : loaded 2 times (x 75B)
Class org.gradle.internal.classloader.ClasspathUtil                                   : loaded 2 times (x 71B)
Class org.gradle.api.specs.Spec                                                       : loaded 2 times (x 70B)
Class org.gradle.internal.classpath.DefaultClassPath                                  : loaded 2 times (x 90B)
Class org.gradle.internal.Cast                                                        : loaded 2 times (x 71B)
Class org.gradle.api.Action                                                           : loaded 2 times (x 70B)
Class org.gradle.api.GradleException                                                  : loaded 2 times (x 82B)
Class org.gradle.internal.IoActions                                                   : loaded 2 times (x 71B)
Class org.gradle.cli.CommandLineParser$ParserState                                    : loaded 2 times (x 76B)
Class org.gradle.internal.installation.CurrentGradleInstallationLocator               : loaded 2 times (x 71B)
Class org.gradle.internal.installation.CurrentGradleInstallation                      : loaded 2 times (x 73B)
Class org.gradle.util.internal.GUtil                                                  : loaded 2 times (x 71B)
Class org.gradle.cli.CommandLineParser$AfterOptions                                   : loaded 2 times (x 77B)
Class org.gradle.internal.installation.GradleInstallation                             : loaded 2 times (x 75B)

---------------  S Y S T E M  ---------------

OS:
 Windows 10 , 64 bit Build 19041 (10.0.19041.3636)
OS uptime: 0 days 0:34 hours
Hyper-V role detected

CPU: total 8 (initial active 8) (4 cores per cpu, 2 threads per core) family 6 model 158 stepping 9 microcode 0xb4, cx8, cmov, fxsr, ht, mmx, 3dnowpref, sse, sse2, sse3, ssse3, sse4.1, sse4.2, popcnt, lzcnt, tsc, tscinvbit, avx, avx2, aes, erms, clmul, bmi1, bmi2, rtm, adx, fma, vzeroupper, clflush, clflushopt, hv, rdtscp, f16c
Processor Information for the first 8 processors :
  Max Mhz: 3601, Current Mhz: 3601, Mhz Limit: 3601

Memory: 4k page, system-wide physical 16343M (10673M free)
TotalPageFile size 32727M (AvailPageFile size 24360M)
current process WorkingSet (physical memory assigned to process): 102M, peak: 102M
current process commit charge ("private bytes"): 171M, peak: 172M

vm_info: OpenJDK 64-Bit Server VM (21.0.8+-14196175-b1038.72) for windows-amd64 JRE (21.0.8+-14196175-b1038.72), built on 2025-10-01T10:24:33Z by "builder" with MS VC++ 16.10 / 16.11 (VS2019)

END.
