#
# A fatal error has been detected by the Java Runtime Environment:
#
#  EXCEPTION_IN_PAGE_ERROR (0xc0000006) at pc=0x00007ffd6cde24b9, pid=8548, tid=3080
#
# JRE version: OpenJDK Runtime Environment (21.0.8) (build 21.0.8+-14196175-b1038.72)
# Java VM: OpenJDK 64-Bit Server VM (21.0.8+-14196175-b1038.72, mixed mode, tiered, compressed oops, compressed class ptrs, g1 gc, windows-amd64)
# Problematic frame:
# C  [jimage.dll+0x24b9]
#
# No core dump will be written. Minidumps are not enabled by default on client versions of Windows
#
# If you would like to submit a bug report, please visit:
#   https://youtrack.jetbrains.com/issues/JBR
#

---------------  S U M M A R Y ------------

Command Line: -Xmx64m -Xms64m -Dorg.gradle.appname=gradlew C:\APUMIR\p2p-messenger\android-app\\gradle\wrapper\gradle-wrapper.jar :app:assembleDebug --no-daemon

Host: Intel(R) Core(TM) i7-7700 CPU @ 3.60GHz, 8 cores, 15G,  Windows 10 , 64 bit Build 19041 (10.0.19041.3636)
Time: Tue Jul 28 19:49:01 2026 elapsed time: 13.316978 seconds (0d 0h 0m 13s)

---------------  T H R E A D  ---------------

Current thread (0x000002230a0ef640):  JavaThread "main"             [_thread_in_vm, id=3080, stack(0x000000fceba00000,0x000000fcebb00000) (1024K)]

Stack: [0x000000fceba00000,0x000000fcebb00000],  sp=0x000000fcebafb6c0,  free space=1005k
Native frames: (J=compiled Java code, j=interpreted, Vv=VM code, C=native code)
C  [jimage.dll+0x24b9]
C  [jimage.dll+0x1db8]
C  [jimage.dll+0x2641]
V  [jvm.dll+0x21ed32]
V  [jvm.dll+0x21dc82]
V  [jvm.dll+0x7ddccc]
V  [jvm.dll+0x7ded62]
V  [jvm.dll+0x7df324]
V  [jvm.dll+0x7defb8]
V  [jvm.dll+0x26eadb]
V  [jvm.dll+0x3d88ae]
C  0x00000223169ea816

The last pc belongs to new (printed below).
Java frames: (J=compiled Java code, j=interpreted, Vv=VM code)
j  sun.security.jca.ProviderConfig.getProvider()Ljava/security/Provider;+98 java.base@21.0.8
j  sun.security.jca.ProviderList.getProvider(I)Ljava/security/Provider;+6 java.base@21.0.8
j  sun.security.jca.ProviderList.getService(Ljava/lang/String;Ljava/lang/String;)Ljava/security/Provider$Service;+92 java.base@21.0.8
j  sun.security.jca.GetInstance.getInstance(Ljava/lang/String;Ljava/lang/Class;Ljava/lang/String;)Lsun/security/jca/GetInstance$Instance;+7 java.base@21.0.8
j  java.security.SecureRandom.getInstance(Ljava/lang/String;)Ljava/security/SecureRandom;+12 java.base@21.0.8
j  sun.nio.ch.UnixDomainSockets.getRandom()Ljava/util/Random;+2 java.base@21.0.8
j  sun.nio.ch.UnixDomainSockets.<clinit>()V+18 java.base@21.0.8
v  ~StubRoutines::call_stub 0x00000223169d100d
j  sun.nio.ch.PipeImpl.createListener(Z)Ljava/nio/channels/ServerSocketChannel;+6 java.base@21.0.8
j  sun.nio.ch.PipeImpl$Initializer$LoopbackConnector.run()V+41 java.base@21.0.8
j  sun.nio.ch.PipeImpl$Initializer.run()Ljava/lang/Void;+10 java.base@21.0.8
j  sun.nio.ch.PipeImpl$Initializer.run()Ljava/lang/Object;+1 java.base@21.0.8
j  java.security.AccessController.executePrivileged(Ljava/security/PrivilegedExceptionAction;Ljava/security/AccessControlContext;Ljava/lang/Class;)Ljava/lang/Object;+29 java.base@21.0.8
j  java.security.AccessController.doPrivileged(Ljava/security/PrivilegedExceptionAction;)Ljava/lang/Object;+9 java.base@21.0.8
j  sun.nio.ch.PipeImpl.<init>(Ljava/nio/channels/spi/SelectorProvider;ZZ)V+17 java.base@21.0.8
j  sun.nio.ch.WEPollSelectorImpl.<init>(Ljava/nio/channels/spi/SelectorProvider;)V+74 java.base@21.0.8
j  sun.nio.ch.WEPollSelectorProvider.openSelector()Ljava/nio/channels/spi/AbstractSelector;+5 java.base@21.0.8
j  java.nio.channels.Selector.open()Ljava/nio/channels/Selector;+3 java.base@21.0.8
j  org.gradle.internal.remote.internal.inet.SocketConnection$SocketInputStream.<init>(Ljava/nio/channels/SocketChannel;)V+17
j  org.gradle.internal.remote.internal.inet.SocketConnection.<init>(Ljava/nio/channels/SocketChannel;Lorg/gradle/internal/remote/internal/MessageSerializer;Lorg/gradle/internal/serialize/StatefulSerializer;)V+27
j  org.gradle.internal.remote.internal.inet.SocketConnectCompletion.create(Lorg/gradle/internal/serialize/StatefulSerializer;)Lorg/gradle/internal/remote/internal/RemoteConnection;+16
j  org.gradle.launcher.daemon.client.DefaultDaemonConnector.connectToDaemon(Lorg/gradle/launcher/daemon/context/DaemonConnectDetails;Lorg/gradle/launcher/daemon/client/DaemonClientConnection$StaleAddressDetector;)Lorg/gradle/launcher/daemon/client/DaemonClientConnection;+45
j  org.gradle.launcher.daemon.client.DefaultDaemonConnector.connectToDaemonWithId(Lorg/gradle/launcher/daemon/diagnostics/DaemonStartupInfo;Lorg/gradle/api/internal/specs/ExplainingSpec;)Lorg/gradle/launcher/daemon/client/DaemonClientConnection;+116
j  org.gradle.launcher.daemon.client.DefaultDaemonConnector.doStartDaemon(Lorg/gradle/api/internal/specs/ExplainingSpec;Z)Lorg/gradle/launcher/daemon/client/DaemonClientConnection;+61
j  org.gradle.launcher.daemon.client.DefaultDaemonConnector.startSingleUseDaemon()Lorg/gradle/launcher/daemon/client/DaemonClientConnection;+5
j  org.gradle.launcher.daemon.client.SingleUseDaemonClient.execute(Lorg/gradle/internal/invocation/BuildAction;Lorg/gradle/launcher/exec/BuildActionParameters;Lorg/gradle/internal/daemon/client/execution/ClientBuildRequestContext;)Lorg/gradle/launcher/exec/BuildActionResult;+34
j  org.gradle.launcher.daemon.client.SingleUseDaemonClient.execute(Lorg/gradle/internal/invocation/BuildAction;Ljava/lang/Object;Ljava/lang/Object;)Lorg/gradle/launcher/exec/BuildActionResult;+10
j  org.gradle.launcher.cli.RunBuildAction.run()V+67
j  org.gradle.internal.Actions$RunnableActionAdapter.execute(Ljava/lang/Object;)V+4
j  org.gradle.launcher.cli.DefaultCommandLineActionFactory$ParseAndBuildAction.execute(Lorg/gradle/launcher/bootstrap/ExecutionListener;)V+133
j  org.gradle.launcher.cli.DefaultCommandLineActionFactory$ParseAndBuildAction.execute(Ljava/lang/Object;)V+5
j  org.gradle.launcher.cli.DebugLoggerWarningAction.execute(Lorg/gradle/launcher/bootstrap/ExecutionListener;)V+9
j  org.gradle.launcher.cli.DebugLoggerWarningAction.execute(Ljava/lang/Object;)V+5
j  org.gradle.launcher.cli.WelcomeMessageAction.execute(Lorg/gradle/launcher/bootstrap/ExecutionListener;)V+218
j  org.gradle.launcher.cli.WelcomeMessageAction.execute(Ljava/lang/Object;)V+5
j  org.gradle.launcher.cli.NativeServicesInitializingAction.execute(Lorg/gradle/launcher/bootstrap/ExecutionListener;)V+47
j  org.gradle.launcher.cli.NativeServicesInitializingAction.execute(Ljava/lang/Object;)V+5
j  org.gradle.launcher.cli.ExceptionReportingAction.execute(Lorg/gradle/launcher/bootstrap/ExecutionListener;)V+5
j  org.gradle.launcher.cli.ExceptionReportingAction.execute(Ljava/lang/Object;)V+5
j  org.gradle.launcher.cli.DefaultCommandLineActionFactory$WithLogging.execute(Lorg/gradle/launcher/bootstrap/ExecutionListener;)V+318
j  org.gradle.launcher.Main.doAction([Ljava/lang/String;Lorg/gradle/launcher/bootstrap/ExecutionListener;)V+14
j  org.gradle.launcher.bootstrap.EntryPoint.run([Ljava/lang/String;)V+12
j  java.lang.invoke.DirectMethodHandle$Holder.invokeVirtual(Ljava/lang/Object;Ljava/lang/Object;Ljava/lang/Object;)V+11 java.base@21.0.8
j  java.lang.invoke.LambdaForm$MH+0x00000001000d2000.invoke(Ljava/lang/Object;Ljava/lang/Object;Ljava/lang/Object;)Ljava/lang/Object;+52 java.base@21.0.8
j  java.lang.invoke.Invokers$Holder.invokeExact_MT(Ljava/lang/Object;Ljava/lang/Object;Ljava/lang/Object;Ljava/lang/Object;)Ljava/lang/Object;+20 java.base@21.0.8
j  jdk.internal.reflect.DirectMethodHandleAccessor.invokeImpl(Ljava/lang/Object;[Ljava/lang/Object;)Ljava/lang/Object;+55 java.base@21.0.8
j  jdk.internal.reflect.DirectMethodHandleAccessor.invoke(Ljava/lang/Object;[Ljava/lang/Object;)Ljava/lang/Object;+23 java.base@21.0.8
j  java.lang.reflect.Method.invoke(Ljava/lang/Object;[Ljava/lang/Object;)Ljava/lang/Object;+102 java.base@21.0.8
j  org.gradle.launcher.bootstrap.ProcessBootstrap.runNoExit(Ljava/lang/String;Ljava/lang/String;Ljava/lang/String;[Ljava/lang/String;)V+200
j  org.gradle.launcher.bootstrap.ProcessBootstrap.run(Ljava/lang/String;Ljava/lang/String;Ljava/lang/String;[Ljava/lang/String;)V+4
j  org.gradle.launcher.GradleMain.main([Ljava/lang/String;)V+10
j  java.lang.invoke.DirectMethodHandle$Holder.invokeStatic(Ljava/lang/Object;Ljava/lang/Object;)V+10 java.base@21.0.8
j  java.lang.invoke.LambdaForm$MH+0x00000001000c3c00.invoke(Ljava/lang/Object;Ljava/lang/Object;Ljava/lang/Object;)Ljava/lang/Object;+33 java.base@21.0.8
j  java.lang.invoke.Invokers$Holder.invokeExact_MT(Ljava/lang/Object;Ljava/lang/Object;Ljava/lang/Object;Ljava/lang/Object;)Ljava/lang/Object;+20 java.base@21.0.8
j  jdk.internal.reflect.DirectMethodHandleAccessor.invokeImpl(Ljava/lang/Object;[Ljava/lang/Object;)Ljava/lang/Object;+55 java.base@21.0.8
j  jdk.internal.reflect.DirectMethodHandleAccessor.invoke(Ljava/lang/Object;[Ljava/lang/Object;)Ljava/lang/Object;+23 java.base@21.0.8
j  java.lang.reflect.Method.invoke(Ljava/lang/Object;[Ljava/lang/Object;)Ljava/lang/Object;+102 java.base@21.0.8
j  org.gradle.wrapper.GradleWrapperMain.main([Ljava/lang/String;)V+1825
v  ~StubRoutines::call_stub 0x00000223169d100d

siginfo: EXCEPTION_IN_PAGE_ERROR (0xc0000006), reading address 0x000002230c517022


Registers:
RAX=0x000002230c517022, RBX=0x000002230a0f6000, RCX=0x00007ffd6cde602f, RDX=0x000002230c4f2c7f
RSP=0x000000fcebafb6c0, RBP=0x000000fcebafb7b0, RSI=0x000000fcebafb710, RDI=0x000000fcebafb7bb
R8 =0x00000126209f74d9, R9 =0x0000000000000000, R10=0x000002230c4dfe2f, R11=0x0000000000000000
R12=0x000002230a0efcb0, R13=0x000002230a0efd08, R14=0x000000fcebafc870, R15=0x000002230a0efce0
RIP=0x00007ffd6cde24b9, EFLAGS=0x0000000000010216

XMM[0]=0x0000000000000000 0x0000000000000000
XMM[1]=0x6173722f79746972 0x756365732f6e7573
XMM[2]=0x0000000000000000 0x0000000000000000
XMM[3]=0x0000000000000000 0x0000000000000000
XMM[4]=0x0000000000000000 0x0000000000000000
XMM[5]=0x2f6173722f797469 0x72756365732f6e75
XMM[6]=0x0000000000000000 0x4a319941fc018edf
XMM[7]=0x0000000000000000 0x59db6a41e191dddf
XMM[8]=0x0000000000000000 0x34e63b4167e12cdf
XMM[9]=0x0000000000000000 0x1ab4bc0b8d0baa60
XMM[10]=0x0000000000000000 0x139851dd8299eafd
XMM[11]=0x0000000000000000 0x5e1e379855f64dfc
XMM[12]=0x0000000000000000 0xbcc5c684941e17da
XMM[13]=0x0000000000000000 0x000000002454a0c2
XMM[14]=0x0000000000000000 0x049993ec16f14e93
XMM[15]=0x0000000000000000 0x000000001257baa7
  MXCSR=0x00001fa0


Register to memory mapping:

RAX=0x000002230c517022 points into unknown readable memory: 73 75 6e 2f 73 65
RBX=0x000002230a0f6000 points into unknown readable memory: 0x000002230a0e3140 | 40 31 0e 0a 23 02 00 00
RCX=0x00007ffd6cde602f jimage.dll
RDX=0x000002230c4f2c7f points into unknown readable memory: 00
RSP=0x000000fcebafb6c0 is pointing into the stack for thread: 0x000002230a0ef640
RBP=0x000000fcebafb7b0 is pointing into the stack for thread: 0x000002230a0ef640
RSI=0x000000fcebafb710 is pointing into the stack for thread: 0x000002230a0ef640
RDI=0x000000fcebafb7bb is pointing into the stack for thread: 0x000002230a0ef640
R8 =0x00000126209f74d9 is an unknown value
R9 =0x0 is null
R10=0x000002230c4dfe2f points into unknown readable memory: 08
R11=0x0 is null
R12=0x000002230a0efcb0 points into unknown readable memory: 0x0000000000000000 | 00 00 00 00 00 00 00 00
R13=0x000002230a0efd08 points into unknown readable memory: 0x7361622e6176616a | 6a 61 76 61 2e 62 61 73
R14=0x000000fcebafc870 is pointing into the stack for thread: 0x000002230a0ef640
R15=0x000002230a0efce0 points into unknown readable memory: 0x756365732f6e7573 | 73 75 6e 2f 73 65 63 75

Top of Stack: (sp=0x000000fcebafb6c0)
0x000000fcebafb6c0:   6c70202c65756c61 766f206e61207375
0x000000fcebafb6d0:   6f20646165687265 7479622032332066
0x000000fcebafb6e0:   000002230a0f6000 00007ffd6cde1db8
0x000000fcebafb6f0:   000002230c4dfdfd 0000000000095841
0x000000fcebafb700:   702061206649202e 646e657320726565
0x000000fcebafb710:   0000000000000000 000000000000000b
0x000000fcebafb720:   00000000000243a3 000000000002466d
0x000000fcebafb730:   0000000000000001 0000000000906009
0x000000fcebafb740:   000000000000035e 0000000000000665
0x000000fcebafb750:   00002e1210d1cc5e 50206e6f69747065
0x000000fcebafb760:   000002230a0efd08 0000000000000021
0x000000fcebafb770:   000002230a0f6000 000000fcebafc870
0x000000fcebafb780:   000000000000000b 00007ffd6cde2641
0x000000fcebafb790:   206c6c61206f7420 736e6f6973726576
0x000000fcebafb7a0:   2065687420666f20 6f72702050545448
0x000000fcebafb7b0:   61622e6176616a2f 732f6e75732f6573
0x000000fcebafb7c0:   2f79746972756365 526e75532f617372
0x000000fcebafb7d0:   632e6e6769536173 61656d007373616c
0x000000fcebafb7e0:   696c206f6e20736e 206649202e74696d
0x000000fcebafb7f0:   736e75207466656c 6465696669636570
0x000000fcebafb800:   656420656874202c 00007ffd04278bdd
0x000000fcebafb810:   332073692065756c 7962203631323339
0x000000fcebafb820:   726f20230a736574 00007ffd04278bdd
0x000000fcebafb830:   65746f4e20230a23 702073696854203a
0x000000fcebafb840:   2079747265706f72 6572727563207369
0x000000fcebafb850:   65737520796c746e 00007ffd04278bdd
0x000000fcebafb860:   666552204b444a20 692065636e657265
0x000000fcebafb870:   746e656d656c706d 49202e6e6f697461
0x000000fcebafb880:   6e20736920230a74 617261756720746f
0x000000fcebafb890:   6f7420646565746e 6d61786520656220
0x000000fcebafb8a0:   646e612064656e69 00007ffd04278bdd
0x000000fcebafb8b0:   6920726568746f20 746e656d656c706d 

Instructions: (pc=0x00007ffd6cde24b9)
0x00007ffd6cde23b9:   17 48 8b 4b 08 8b d0 48 c1 e2 03 89 43 04 ff 15
0x00007ffd6cde23c9:   63 1d 00 00 48 89 43 08 48 83 c4 20 5b c3 cc 48
0x00007ffd6cde23d9:   89 5c 24 08 48 8b d9 48 85 d2 74 50 44 8a 02 45
0x00007ffd6cde23e9:   84 c0 74 48 45 8a c8 41 c0 e9 03 45 84 c9 74 3c
0x00007ffd6cde23f9:   41 80 e0 07 33 c9 41 80 c0 01 74 1c 4c 8d 52 01
0x00007ffd6cde2409:   45 0f b6 d8 41 0f b6 02 49 ff c2 48 c1 e1 08 48
0x00007ffd6cde2419:   0b c8 49 83 eb 01 75 ec 41 0f b6 c1 48 ff c2 48
0x00007ffd6cde2429:   89 0c c3 41 0f b6 c0 48 03 d0 75 b0 48 8b 5c 24
0x00007ffd6cde2439:   08 c3 cc 48 89 5c 24 08 48 89 74 24 10 57 48 83
0x00007ffd6cde2449:   ec 20 48 8b d9 48 8b f2 48 8b 49 10 49 8b f8 8b
0x00007ffd6cde2459:   53 38 48 8b 01 ff 50 20 48 8b 53 68 45 33 c9 44
0x00007ffd6cde2469:   8b 46 08 41 b2 2f 4c 03 c2 45 38 08 74 3c 44 38
0x00007ffd6cde2479:   17 0f 85 d8 00 00 00 48 8d 47 01 8a 08 84 c9 74
0x00007ffd6cde2489:   1c 4c 2b c0 45 38 0c 00 74 13 41 3a 0c 00 0f 85
0x00007ffd6cde2499:   bb 00 00 00 48 ff c0 8a 08 84 c9 75 e7 48 8d 78
0x00007ffd6cde24a9:   01 44 38 10 0f 85 a5 00 00 00 8b 46 10 48 03 c2
0x00007ffd6cde24b9:   44 38 08 74 2b 8a 0f 84 c9 74 1b 48 2b c7 44 38
0x00007ffd6cde24c9:   0c 38 74 12 3a 0c 38 0f 85 82 00 00 00 48 ff c7
0x00007ffd6cde24d9:   8a 0f 84 c9 75 e8 8a 07 48 ff c7 41 3a c2 75 6f
0x00007ffd6cde24e9:   8a 0f 84 c9 74 1f 44 8b 46 18 4c 2b c7 4c 03 c2
0x00007ffd6cde24f9:   41 8a 04 38 84 c0 74 0d 3a c8 75 53 48 ff c7 8a
0x00007ffd6cde2509:   0f 84 c9 75 eb 8b 46 20 48 03 c2 44 38 08 74 29
0x00007ffd6cde2519:   80 3f 2e 75 3a 48 8d 57 01 8a 0a 48 8b fa 84 c9
0x00007ffd6cde2529:   74 17 48 2b c2 44 38 0c 38 74 0e 3a 0c 38 75 1f
0x00007ffd6cde2539:   48 ff c7 8a 0f 84 c9 75 ec 44 38 0f 0f 94 c0 48
0x00007ffd6cde2549:   8b 5c 24 30 48 8b 74 24 38 48 83 c4 20 5f c3 32
0x00007ffd6cde2559:   c0 eb ec e9 c3 f5 ff ff cc cc cc 48 89 5c 24 18
0x00007ffd6cde2569:   55 56 57 41 56 41 57 b8 30 10 00 00 e8 16 08 00
0x00007ffd6cde2579:   00 48 2b e0 48 8b 05 b4 3a 00 00 48 33 c4 48 89
0x00007ffd6cde2589:   84 24 20 10 00 00 48 8b ac 24 80 10 00 00 48 8b
0x00007ffd6cde2599:   f1 48 8b ca 4d 8b f9 4c 8b f2 e8 38 15 00 00 49
0x00007ffd6cde25a9:   8b cf 48 8b d8 e8 2d 15 00 00 48 8d 4b 03 48 8b 


Stack slot to memory mapping:

stack at sp + 0 slots: 0x6c70202c65756c61 is an unknown value
stack at sp + 1 slots: 0x766f206e61207375 is an unknown value
stack at sp + 2 slots: 0x6f20646165687265 is an unknown value
stack at sp + 3 slots: 0x7479622032332066 is an unknown value
stack at sp + 4 slots: 0x000002230a0f6000 points into unknown readable memory: 0x000002230a0e3140 | 40 31 0e 0a 23 02 00 00
stack at sp + 5 slots: 0x00007ffd6cde1db8 jimage.dll
stack at sp + 6 slots: 0x000002230c4dfdfd points into unknown readable memory: 08 0b 12
stack at sp + 7 slots: 0x0000000000095841 is an unknown value

new  187 new  [0x00000223169ea6a0, 0x00000223169ea8a0]  512 bytes
[MachCode]
  0x00000223169ea6a0: 4883 ec08 | c5fa 1104 | 24eb 1f48 | 83ec 10c5 | fb11 0424 | eb14 4883 | ec10 4889 | 0424 48c7 
  0x00000223169ea6c0: 4424 0800 | 0000 00eb | 0150 410f | b755 010f | cac1 ea10 | 488b 4de8 | 488b 4908 | 488b 4908 
  0x00000223169ea6e0: 488b 4108 | 807c 1004 | 070f 85ca | 0000 0066 | 8b54 d148 | 488b 4928 | 488b 4cd1 | 0851 80b9 
  0x00000223169ea700: 6101 0000 | 040f 85ad | 0000 008b | 5108 f6c2 | 010f 85a1 | 0000 0049 | 8b87 b801 | 0000 488d 
  0x00000223169ea720: 1c10 493b | 9fc8 0100 | 000f 8789 | 0000 0049 | 899f b801 | 0000 4883 | ea10 0f84 | 0f00 0000 
  0x00000223169ea740: 33c9 c1ea | 0348 894c | d008 48ff | ca75 f648 | c700 0100 | 0000 5933 | f689 700c | 48c1 e903 
  0x00000223169ea760: 8948 0849 | ba19 fa9e | 04fd 7f00 | 0041 803a | 000f 843c | 0000 0050 | 488b c848 | 83ec 2040 
  0x00000223169ea780: f6c4 0f0f | 8419 0000 | 0048 83ec | 0848 b8d0 | d758 04fd | 7f00 00ff | d048 83c4 | 08e9 0c00 
  0x00000223169ea7a0: 0000 48b8 | d0d7 5804 | fd7f 0000 | ffd0 4883 | c420 58e9 | cb00 0000 | 5948 8b55 | e848 8b52 
  0x00000223169ea7c0: 0848 8b52 | 0845 0fb7 | 4501 410f | c841 c1e8 | 10e8 0500 | 0000 e9a8 | 0000 0048 | 8d44 2408 
  0x00000223169ea7e0: 4c89 6dc0 | 498b cfc5 | f877 4989 | afa8 0300 | 0049 8987 | 9803 0000 | 4883 ec20 | 40f6 c40f 
  0x00000223169ea800: 0f84 1900 | 0000 4883 | ec08 48b8 | 6088 2204 | fd7f 0000 | ffd0 4883 | c408 e90c | 0000 0048 
  0x00000223169ea820: b860 8822 | 04fd 7f00 | 00ff d048 | 83c4 2049 | c787 9803 | 0000 0000 | 0000 49c7 | 87a8 0300 
  0x00000223169ea840: 0000 0000 | 0049 c787 | a003 0000 | 0000 0000 | c5f8 7749 | 837f 0800 | 0f84 0500 | 0000 e99d 
  0x00000223169ea860: 66fe ff49 | 8b87 f003 | 0000 49c7 | 87f0 0300 | 0000 0000 | 004c 8b6d | c04c 8b75 | c84e 8d74 
  0x00000223169ea880: f500 c341 | 0fb6 5d03 | 4983 c503 | 49ba b0c5 | a104 fd7f | 0000 41ff | 24da 660f | 1f44 0000 
[/MachCode]

---------------  P R O C E S S  ---------------

Threads class SMR info:
_java_thread_list=0x00000223270a4950, length=25, elements={
0x000002230a0ef640, 0x0000022321322230, 0x00000223213538f0, 0x0000022321356710,
0x000002232133df70, 0x000002232133e9d0, 0x000002232133fbd0, 0x0000022321340dd0,
0x000002232133a7e0, 0x0000022321357660, 0x0000022321618a30, 0x0000022326bbef10,
0x0000022326f5a960, 0x0000022326f81320, 0x0000022326f7c180, 0x0000022326f7cbc0,
0x0000022326f7d230, 0x0000022326f7d8a0, 0x0000022326f7e2e0, 0x000002232722b020,
0x000002232722b6b0, 0x000002232722a990, 0x000002232722bd40, 0x000002232709fb30,
0x000002232709cd40
}

Java Threads: ( => current thread )
=>0x000002230a0ef640 JavaThread "main"                              [_thread_in_vm, id=3080, stack(0x000000fceba00000,0x000000fcebb00000) (1024K)]
  0x0000022321322230 JavaThread "Common-Cleaner"             daemon [_thread_blocked, id=2472, stack(0x000000fcec200000,0x000000fcec300000) (1024K)]
  0x00000223213538f0 JavaThread "Reference Handler"          daemon [_thread_blocked, id=5824, stack(0x000000fcec300000,0x000000fcec400000) (1024K)]
  0x0000022321356710 JavaThread "Finalizer"                  daemon [_thread_blocked, id=2948, stack(0x000000fcec400000,0x000000fcec500000) (1024K)]
  0x000002232133df70 JavaThread "Signal Dispatcher"          daemon [_thread_blocked, id=6348, stack(0x000000fcec500000,0x000000fcec600000) (1024K)]
  0x000002232133e9d0 JavaThread "Attach Listener"            daemon [_thread_blocked, id=8928, stack(0x000000fcec600000,0x000000fcec700000) (1024K)]
  0x000002232133fbd0 JavaThread "Service Thread"             daemon [_thread_blocked, id=476, stack(0x000000fcec700000,0x000000fcec800000) (1024K)]
  0x0000022321340dd0 JavaThread "Monitor Deflation Thread"   daemon [_thread_blocked, id=4812, stack(0x000000fcec800000,0x000000fcec900000) (1024K)]
  0x000002232133a7e0 JavaThread "C2 CompilerThread0"         daemon [_thread_blocked, id=8592, stack(0x000000fcec900000,0x000000fceca00000) (1024K)]
  0x0000022321357660 JavaThread "C1 CompilerThread0"         daemon [_thread_blocked, id=1676, stack(0x000000fceca00000,0x000000fcecb00000) (1024K)]
  0x0000022321618a30 JavaThread "Notification Thread"        daemon [_thread_blocked, id=2136, stack(0x000000fcecb00000,0x000000fcecc00000) (1024K)]
  0x0000022326bbef10 JavaThread "pool-1-thread-1"                   [_thread_blocked, id=7816, stack(0x000000fced300000,0x000000fced400000) (1024K)]
  0x0000022326f5a960 JavaThread "ForkJoinPool.commonPool-worker-1" daemon [_thread_blocked, id=9200, stack(0x000000fcecd00000,0x000000fcece00000) (1024K)]
  0x0000022326f81320 JavaThread "ForkJoinPool.commonPool-worker-2" daemon [_thread_blocked, id=7580, stack(0x000000fced400000,0x000000fced500000) (1024K)]
  0x0000022326f7c180 JavaThread "ForkJoinPool.commonPool-worker-3" daemon [_thread_blocked, id=8396, stack(0x000000fced500000,0x000000fced600000) (1024K)]
  0x0000022326f7cbc0 JavaThread "ForkJoinPool.commonPool-worker-4" daemon [_thread_blocked, id=5100, stack(0x000000fced600000,0x000000fced700000) (1024K)]
  0x0000022326f7d230 JavaThread "ForkJoinPool.commonPool-worker-5" daemon [_thread_blocked, id=4948, stack(0x000000fced700000,0x000000fced800000) (1024K)]
  0x0000022326f7d8a0 JavaThread "ForkJoinPool.commonPool-worker-6" daemon [_thread_blocked, id=9644, stack(0x000000fced800000,0x000000fced900000) (1024K)]
  0x0000022326f7e2e0 JavaThread "ForkJoinPool.commonPool-worker-7" daemon [_thread_blocked, id=4788, stack(0x000000fced900000,0x000000fceda00000) (1024K)]
  0x000002232722b020 JavaThread "Exec process"                      [_thread_blocked, id=1320, stack(0x000000fcedb00000,0x000000fcedc00000) (1024K)]
  0x000002232722b6b0 JavaThread "Exec process Thread 2"      daemon [_thread_blocked, id=6844, stack(0x000000fcedc00000,0x000000fcedd00000) (1024K)]
  0x000002232722a990 JavaThread "Exec process Thread 3"             [_thread_blocked, id=9328, stack(0x000000fcedd00000,0x000000fcede00000) (1024K)]
  0x000002232722bd40 JavaThread "Exec process Thread 4"             [_thread_blocked, id=8600, stack(0x000000fcede00000,0x000000fcedf00000) (1024K)]
  0x000002232709fb30 JavaThread "Exec process Thread 5"      daemon [_thread_blocked, id=9792, stack(0x000000fcedf00000,0x000000fcee000000) (1024K)]
  0x000002232709cd40 JavaThread "Exec process Thread 6"      daemon [_thread_blocked, id=6652, stack(0x000000fcee000000,0x000000fcee100000) (1024K)]
Total: 25

Other Threads:
  0x000002230c40e510 VMThread "VM Thread"                           [id=5900, stack(0x000000fcec100000,0x000000fcec200000) (1024K)] _threads_hazard_ptr=0x00000223270a4950
  0x000002232127d3f0 WatcherThread "VM Periodic Task Thread"        [id=3296, stack(0x000000fcec000000,0x000000fcec100000) (1024K)]
  0x000002230c358f90 WorkerThread "GC Thread#0"                     [id=9232, stack(0x000000fcebb00000,0x000000fcebc00000) (1024K)]
  0x000002232611f450 WorkerThread "GC Thread#1"                     [id=8824, stack(0x000000fcece00000,0x000000fcecf00000) (1024K)]
  0x0000022326a84a90 WorkerThread "GC Thread#2"                     [id=5892, stack(0x000000fcecf00000,0x000000fced000000) (1024K)]
  0x0000022326a84e30 WorkerThread "GC Thread#3"                     [id=3440, stack(0x000000fced000000,0x000000fced100000) (1024K)]
  0x0000022326a87a00 WorkerThread "GC Thread#4"                     [id=5108, stack(0x000000fced100000,0x000000fced200000) (1024K)]
  0x0000022326a89db0 WorkerThread "GC Thread#5"                     [id=3804, stack(0x000000fced200000,0x000000fced300000) (1024K)]
  0x0000022326f57730 WorkerThread "GC Thread#6"                     [id=5676, stack(0x000000fcecc00000,0x000000fcecd00000) (1024K)]
  0x0000022326f56510 WorkerThread "GC Thread#7"                     [id=2888, stack(0x000000fceda00000,0x000000fcedb00000) (1024K)]
  0x000002230c35a770 ConcurrentGCThread "G1 Main Marker"            [id=1272, stack(0x000000fcebc00000,0x000000fcebd00000) (1024K)]
  0x000002230c35b3e0 WorkerThread "G1 Conc#0"                       [id=4224, stack(0x000000fcebd00000,0x000000fcebe00000) (1024K)]
  0x0000022326f568b0 WorkerThread "G1 Conc#1"                       [id=4608, stack(0x000000fcee200000,0x000000fcee300000) (1024K)]
  0x000002230c3c5fd0 ConcurrentGCThread "G1 Refine#0"               [id=1572, stack(0x000000fcebe00000,0x000000fcebf00000) (1024K)]
  0x000002230c3c6b40 ConcurrentGCThread "G1 Service"                [id=2388, stack(0x000000fcebf00000,0x000000fcec000000) (1024K)]
Total: 15

Threads with active compile tasks:
Total: 0

VM state: synchronizing (normal execution)

VM Mutex/Monitor currently owned by a thread:  ([mutex/lock_event])
[0x00007ffd04a085b8] Threads_lock - owner thread: 0x000002230c40e510

Heap address: 0x00000000fc000000, size: 64 MB, Compressed Oops mode: 32-bit

CDS archive(s) not mapped
Compressed class space mapped at: 0x0000000100000000-0x0000000140000000, reserved size: 1073741824
Narrow klass base: 0x0000000000000000, Narrow klass shift: 3, Narrow klass range: 0x140000000

GC Precious Log:
 CardTable entry size: 512
 Card Set container configuration: InlinePtr #cards 5 size 8 Array Of Cards #cards 12 size 40 Howl #buckets 4 coarsen threshold 1843 Howl Bitmap #cards 512 size 80 coarsen threshold 460 Card regions per heap region 1 cards per card region 2048
 CPUs: 8 total, 8 available
 Memory: 16343M
 Large Page Support: Disabled
 NUMA Support: Disabled
 Compressed Oops: Enabled (32-bit)
 Heap Region Size: 1M
 Heap Min Capacity: 64M
 Heap Initial Capacity: 64M
 Heap Max Capacity: 64M
 Pre-touch: Disabled
 Parallel Workers: 8
 Concurrent Workers: 2
 Concurrent Refinement Workers: 8
 Periodic GC: Disabled

Heap:
 garbage-first heap   total 65536K, used 14549K [0x00000000fc000000, 0x0000000100000000)
  region size 1024K, 3 young (3072K), 1 survivors (1024K)
 Metaspace       used 21755K, committed 22080K, reserved 1114112K
  class space    used 2655K, committed 2816K, reserved 1048576K

Heap Regions: E=young(eden), S=young(survivor), O=old, HS=humongous(starts), HC=humongous(continues), CS=collection set, F=free, TAMS=top-at-mark-start, PB=parsable bottom
|   0|0x00000000fc000000, 0x00000000fc100000, 0x00000000fc100000|100%| O|  |TAMS 0x00000000fc000000| PB 0x00000000fc000000| Untracked 
|   1|0x00000000fc100000, 0x00000000fc200000, 0x00000000fc200000|100%| O|  |TAMS 0x00000000fc100000| PB 0x00000000fc100000| Untracked 
|   2|0x00000000fc200000, 0x00000000fc300000, 0x00000000fc300000|100%| O|  |TAMS 0x00000000fc200000| PB 0x00000000fc200000| Untracked 
|   3|0x00000000fc300000, 0x00000000fc400000, 0x00000000fc400000|100%|HS|  |TAMS 0x00000000fc300000| PB 0x00000000fc300000| Complete 
|   4|0x00000000fc400000, 0x00000000fc500000, 0x00000000fc500000|100%|HC|  |TAMS 0x00000000fc400000| PB 0x00000000fc400000| Complete 
|   5|0x00000000fc500000, 0x00000000fc600000, 0x00000000fc600000|100%|HC|  |TAMS 0x00000000fc500000| PB 0x00000000fc500000| Complete 
|   6|0x00000000fc600000, 0x00000000fc700000, 0x00000000fc700000|100%|HC|  |TAMS 0x00000000fc600000| PB 0x00000000fc600000| Complete 
|   7|0x00000000fc700000, 0x00000000fc800000, 0x00000000fc800000|100%| O|  |TAMS 0x00000000fc700000| PB 0x00000000fc700000| Untracked 
|   8|0x00000000fc800000, 0x00000000fc900000, 0x00000000fc900000|100%| O|  |TAMS 0x00000000fc800000| PB 0x00000000fc800000| Untracked 
|   9|0x00000000fc900000, 0x00000000fca00000, 0x00000000fca00000|100%| O|  |TAMS 0x00000000fc900000| PB 0x00000000fc900000| Untracked 
|  10|0x00000000fca00000, 0x00000000fcb00000, 0x00000000fcb00000|100%| O|  |TAMS 0x00000000fca00000| PB 0x00000000fca00000| Untracked 
|  11|0x00000000fcb00000, 0x00000000fcc00000, 0x00000000fcc00000|100%| O|  |TAMS 0x00000000fcb00000| PB 0x00000000fcb00000| Untracked 
|  12|0x00000000fcc00000, 0x00000000fcc75a30, 0x00000000fcd00000| 45%| O|  |TAMS 0x00000000fcc00000| PB 0x00000000fcc00000| Untracked 
|  13|0x00000000fcd00000, 0x00000000fcd00000, 0x00000000fce00000|  0%| F|  |TAMS 0x00000000fcd00000| PB 0x00000000fcd00000| Untracked 
|  14|0x00000000fce00000, 0x00000000fce00000, 0x00000000fcf00000|  0%| F|  |TAMS 0x00000000fce00000| PB 0x00000000fce00000| Untracked 
|  15|0x00000000fcf00000, 0x00000000fcf00000, 0x00000000fd000000|  0%| F|  |TAMS 0x00000000fcf00000| PB 0x00000000fcf00000| Untracked 
|  16|0x00000000fd000000, 0x00000000fd000000, 0x00000000fd100000|  0%| F|  |TAMS 0x00000000fd000000| PB 0x00000000fd000000| Untracked 
|  17|0x00000000fd100000, 0x00000000fd100000, 0x00000000fd200000|  0%| F|  |TAMS 0x00000000fd100000| PB 0x00000000fd100000| Untracked 
|  18|0x00000000fd200000, 0x00000000fd200000, 0x00000000fd300000|  0%| F|  |TAMS 0x00000000fd200000| PB 0x00000000fd200000| Untracked 
|  19|0x00000000fd300000, 0x00000000fd300000, 0x00000000fd400000|  0%| F|  |TAMS 0x00000000fd300000| PB 0x00000000fd300000| Untracked 
|  20|0x00000000fd400000, 0x00000000fd400000, 0x00000000fd500000|  0%| F|  |TAMS 0x00000000fd400000| PB 0x00000000fd400000| Untracked 
|  21|0x00000000fd500000, 0x00000000fd500000, 0x00000000fd600000|  0%| F|  |TAMS 0x00000000fd500000| PB 0x00000000fd500000| Untracked 
|  22|0x00000000fd600000, 0x00000000fd600000, 0x00000000fd700000|  0%| F|  |TAMS 0x00000000fd600000| PB 0x00000000fd600000| Untracked 
|  23|0x00000000fd700000, 0x00000000fd700000, 0x00000000fd800000|  0%| F|  |TAMS 0x00000000fd700000| PB 0x00000000fd700000| Untracked 
|  24|0x00000000fd800000, 0x00000000fd800000, 0x00000000fd900000|  0%| F|  |TAMS 0x00000000fd800000| PB 0x00000000fd800000| Untracked 
|  25|0x00000000fd900000, 0x00000000fd900000, 0x00000000fda00000|  0%| F|  |TAMS 0x00000000fd900000| PB 0x00000000fd900000| Untracked 
|  26|0x00000000fda00000, 0x00000000fda00000, 0x00000000fdb00000|  0%| F|  |TAMS 0x00000000fda00000| PB 0x00000000fda00000| Untracked 
|  27|0x00000000fdb00000, 0x00000000fdb00000, 0x00000000fdc00000|  0%| F|  |TAMS 0x00000000fdb00000| PB 0x00000000fdb00000| Untracked 
|  28|0x00000000fdc00000, 0x00000000fdc00000, 0x00000000fdd00000|  0%| F|  |TAMS 0x00000000fdc00000| PB 0x00000000fdc00000| Untracked 
|  29|0x00000000fdd00000, 0x00000000fdd00000, 0x00000000fde00000|  0%| F|  |TAMS 0x00000000fdd00000| PB 0x00000000fdd00000| Untracked 
|  30|0x00000000fde00000, 0x00000000fde00000, 0x00000000fdf00000|  0%| F|  |TAMS 0x00000000fde00000| PB 0x00000000fde00000| Untracked 
|  31|0x00000000fdf00000, 0x00000000fdf00000, 0x00000000fe000000|  0%| F|  |TAMS 0x00000000fdf00000| PB 0x00000000fdf00000| Untracked 
|  32|0x00000000fe000000, 0x00000000fe000000, 0x00000000fe100000|  0%| F|  |TAMS 0x00000000fe000000| PB 0x00000000fe000000| Untracked 
|  33|0x00000000fe100000, 0x00000000fe100000, 0x00000000fe200000|  0%| F|  |TAMS 0x00000000fe100000| PB 0x00000000fe100000| Untracked 
|  34|0x00000000fe200000, 0x00000000fe200000, 0x00000000fe300000|  0%| F|  |TAMS 0x00000000fe200000| PB 0x00000000fe200000| Untracked 
|  35|0x00000000fe300000, 0x00000000fe300000, 0x00000000fe400000|  0%| F|  |TAMS 0x00000000fe300000| PB 0x00000000fe300000| Untracked 
|  36|0x00000000fe400000, 0x00000000fe400000, 0x00000000fe500000|  0%| F|  |TAMS 0x00000000fe400000| PB 0x00000000fe400000| Untracked 
|  37|0x00000000fe500000, 0x00000000fe500000, 0x00000000fe600000|  0%| F|  |TAMS 0x00000000fe500000| PB 0x00000000fe500000| Untracked 
|  38|0x00000000fe600000, 0x00000000fe600000, 0x00000000fe700000|  0%| F|  |TAMS 0x00000000fe600000| PB 0x00000000fe600000| Untracked 
|  39|0x00000000fe700000, 0x00000000fe700000, 0x00000000fe800000|  0%| F|  |TAMS 0x00000000fe700000| PB 0x00000000fe700000| Untracked 
|  40|0x00000000fe800000, 0x00000000fe800000, 0x00000000fe900000|  0%| F|  |TAMS 0x00000000fe800000| PB 0x00000000fe800000| Untracked 
|  41|0x00000000fe900000, 0x00000000fe900000, 0x00000000fea00000|  0%| F|  |TAMS 0x00000000fe900000| PB 0x00000000fe900000| Untracked 
|  42|0x00000000fea00000, 0x00000000fea00000, 0x00000000feb00000|  0%| F|  |TAMS 0x00000000fea00000| PB 0x00000000fea00000| Untracked 
|  43|0x00000000feb00000, 0x00000000feb00000, 0x00000000fec00000|  0%| F|  |TAMS 0x00000000feb00000| PB 0x00000000feb00000| Untracked 
|  44|0x00000000fec00000, 0x00000000fec00000, 0x00000000fed00000|  0%| F|  |TAMS 0x00000000fec00000| PB 0x00000000fec00000| Untracked 
|  45|0x00000000fed00000, 0x00000000fed00000, 0x00000000fee00000|  0%| F|  |TAMS 0x00000000fed00000| PB 0x00000000fed00000| Untracked 
|  46|0x00000000fee00000, 0x00000000fee00000, 0x00000000fef00000|  0%| F|  |TAMS 0x00000000fee00000| PB 0x00000000fee00000| Untracked 
|  47|0x00000000fef00000, 0x00000000fef00000, 0x00000000ff000000|  0%| F|  |TAMS 0x00000000fef00000| PB 0x00000000fef00000| Untracked 
|  48|0x00000000ff000000, 0x00000000ff000000, 0x00000000ff100000|  0%| F|  |TAMS 0x00000000ff000000| PB 0x00000000ff000000| Untracked 
|  49|0x00000000ff100000, 0x00000000ff100000, 0x00000000ff200000|  0%| F|  |TAMS 0x00000000ff100000| PB 0x00000000ff100000| Untracked 
|  50|0x00000000ff200000, 0x00000000ff200000, 0x00000000ff300000|  0%| F|  |TAMS 0x00000000ff200000| PB 0x00000000ff200000| Untracked 
|  51|0x00000000ff300000, 0x00000000ff300000, 0x00000000ff400000|  0%| F|  |TAMS 0x00000000ff300000| PB 0x00000000ff300000| Untracked 
|  52|0x00000000ff400000, 0x00000000ff400000, 0x00000000ff500000|  0%| F|  |TAMS 0x00000000ff400000| PB 0x00000000ff400000| Untracked 
|  53|0x00000000ff500000, 0x00000000ff500000, 0x00000000ff600000|  0%| F|  |TAMS 0x00000000ff500000| PB 0x00000000ff500000| Untracked 
|  54|0x00000000ff600000, 0x00000000ff600000, 0x00000000ff700000|  0%| F|  |TAMS 0x00000000ff600000| PB 0x00000000ff600000| Untracked 
|  55|0x00000000ff700000, 0x00000000ff700000, 0x00000000ff800000|  0%| F|  |TAMS 0x00000000ff700000| PB 0x00000000ff700000| Untracked 
|  56|0x00000000ff800000, 0x00000000ff800000, 0x00000000ff900000|  0%| F|  |TAMS 0x00000000ff800000| PB 0x00000000ff800000| Untracked 
|  57|0x00000000ff900000, 0x00000000ff9bfa70, 0x00000000ffa00000| 74%| S|CS|TAMS 0x00000000ff900000| PB 0x00000000ff900000| Complete 
|  58|0x00000000ffa00000, 0x00000000ffa00000, 0x00000000ffb00000|  0%| F|  |TAMS 0x00000000ffa00000| PB 0x00000000ffa00000| Untracked 
|  59|0x00000000ffb00000, 0x00000000ffb00000, 0x00000000ffc00000|  0%| F|  |TAMS 0x00000000ffb00000| PB 0x00000000ffb00000| Untracked 
|  60|0x00000000ffc00000, 0x00000000ffc00000, 0x00000000ffd00000|  0%| F|  |TAMS 0x00000000ffc00000| PB 0x00000000ffc00000| Untracked 
|  61|0x00000000ffd00000, 0x00000000ffd00000, 0x00000000ffe00000|  0%| F|  |TAMS 0x00000000ffd00000| PB 0x00000000ffd00000| Untracked 
|  62|0x00000000ffe00000, 0x00000000ffe80000, 0x00000000fff00000| 50%| E|  |TAMS 0x00000000ffe00000| PB 0x00000000ffe00000| Complete 
|  63|0x00000000fff00000, 0x0000000100000000, 0x0000000100000000|100%| E|CS|TAMS 0x00000000fff00000| PB 0x00000000fff00000| Complete 

Card table byte_map: [0x000002230c270000,0x000002230c290000] _byte_map_base: 0x000002230ba90000

Marking Bits: (CMBitMap*) 0x000002230c359690
 Bits: [0x000002231e7e0000, 0x000002231e8e0000)

Polling page: 0x000002230a230000

Metaspace:

Usage:
  Non-class:     18.65 MB used.
      Class:      2.59 MB used.
       Both:     21.25 MB used.

Virtual space:
  Non-class space:       64.00 MB reserved,      18.81 MB ( 29%) committed,  1 nodes.
      Class space:        1.00 GB reserved,       2.75 MB ( <1%) committed,  1 nodes.
             Both:        1.06 GB reserved,      21.56 MB (  2%) committed. 

Chunk freelists:
   Non-Class:  12.50 MB
       Class:  13.23 MB
        Both:  25.73 MB

MaxMetaspaceSize: unlimited
CompressedClassSpaceSize: 1.00 GB
Initial GC threshold: 21.00 MB
Current GC threshold: 35.25 MB
CDS: off
 - commit_granule_bytes: 65536.
 - commit_granule_words: 8192.
 - virtual_space_node_default_size: 8388608.
 - enlarge_chunks_in_place: 1.
 - use_allocation_guard: 0.


Internal statistics:

num_allocs_failed_limit: 3.
num_arena_births: 320.
num_arena_deaths: 0.
num_vsnodes_births: 2.
num_vsnodes_deaths: 0.
num_space_committed: 345.
num_space_uncommitted: 0.
num_chunks_returned_to_freelist: 3.
num_chunks_taken_from_freelist: 755.
num_chunk_merges: 0.
num_chunk_splits: 489.
num_chunks_enlarged: 355.
num_inconsistent_stats: 0.

CodeHeap 'non-profiled nmethods': size=120000Kb used=738Kb max_used=738Kb free=119261Kb
 bounds [0x0000022316f70000, 0x00000223171e0000, 0x000002231e4a0000]
CodeHeap 'profiled nmethods': size=120000Kb used=3245Kb max_used=3245Kb free=116754Kb
 bounds [0x000002230f4a0000, 0x000002230f7d0000, 0x00000223169d0000]
CodeHeap 'non-nmethods': size=5760Kb used=1406Kb max_used=1419Kb free=4353Kb
 bounds [0x00000223169d0000, 0x0000022316c40000, 0x0000022316f70000]
CodeCache: size=245760Kb, used=5389Kb, max_used=5402Kb, free=240368Kb
 total_blobs=2290, nmethods=1770, adapters=425, full_count=0
Compilation: enabled, stopped_count=0, restarted_count=0

Compilation events (20 events):
Event: 13.236 Thread 0x0000022321357660 1759       3       java.lang.String::<init> (99 bytes)
Event: 13.237 Thread 0x0000022321357660 nmethod 1759 0x000002230f7c6710 code [0x000002230f7c6b00, 0x000002230f7c8580]
Event: 13.238 Thread 0x0000022321357660 1760       3       jdk.internal.org.objectweb.asm.FieldWriter::visitEnd (1 bytes)
Event: 13.238 Thread 0x0000022321357660 nmethod 1760 0x000002230f7c8e90 code [0x000002230f7c9020, 0x000002230f7c9128]
Event: 13.238 Thread 0x0000022321357660 1761       3       jdk.internal.org.objectweb.asm.SymbolTable::putBootstrapMethods (56 bytes)
Event: 13.238 Thread 0x0000022321357660 nmethod 1761 0x000002230f7c9190 code [0x000002230f7c93a0, 0x000002230f7c96c0]
Event: 13.238 Thread 0x0000022321357660 1762       3       java.lang.StringBuilder::append (8 bytes)
Event: 13.238 Thread 0x0000022321357660 nmethod 1762 0x000002230f7c9890 code [0x000002230f7c9a40, 0x000002230f7c9b90]
Event: 13.239 Thread 0x0000022321357660 1763       3       jdk.internal.loader.BuiltinClassLoader::hasClassPath (13 bytes)
Event: 13.240 Thread 0x0000022321357660 nmethod 1763 0x000002230f7c9c10 code [0x000002230f7c9da0, 0x000002230f7c9f00]
Event: 13.240 Thread 0x0000022321357660 1764       3       jdk.internal.module.SystemModuleFinders$SystemImage::reader (4 bytes)
Event: 13.240 Thread 0x0000022321357660 nmethod 1764 0x000002230f7c9f90 code [0x000002230f7ca120, 0x000002230f7ca218]
Event: 13.240 Thread 0x0000022321357660 1765       3       jdk.internal.jimage.ImageReader::requireOpen (18 bytes)
Event: 13.240 Thread 0x0000022321357660 nmethod 1765 0x000002230f7ca290 code [0x000002230f7ca440, 0x000002230f7ca658]
Event: 13.242 Thread 0x000002232133a7e0 1766       4       java.lang.ThreadLocal::getMap (5 bytes)
Event: 13.242 Thread 0x000002232133a7e0 nmethod 1766 0x0000022317027f90 code [0x0000022317028120, 0x00000223170281c0]
Event: 13.294 Thread 0x0000022321357660 1767       1       java.util.concurrent.ThreadPoolExecutor::getQueue (5 bytes)
Event: 13.294 Thread 0x0000022321357660 nmethod 1767 0x0000022317028290 code [0x0000022317028420, 0x00000223170284e8]
Event: 13.294 Thread 0x0000022321357660 1768       3       java.util.concurrent.TimeUnit::convert (73 bytes)
Event: 13.294 Thread 0x0000022321357660 nmethod 1768 0x000002230f7ca790 code [0x000002230f7ca9a0, 0x000002230f7cad38]

GC Heap History (6 events):
Event: 0.455 GC heap before
{Heap before GC invocations=0 (full 0):
 garbage-first heap   total 65536K, used 22528K [0x00000000fc000000, 0x0000000100000000)
  region size 1024K, 23 young (23552K), 0 survivors (0K)
 Metaspace       used 11145K, committed 11328K, reserved 1114112K
  class space    used 1184K, committed 1280K, reserved 1048576K
}
Event: 0.461 GC heap after
{Heap after GC invocations=1 (full 0):
 garbage-first heap   total 65536K, used 5376K [0x00000000fc000000, 0x0000000100000000)
  region size 1024K, 3 young (3072K), 3 survivors (3072K)
 Metaspace       used 11145K, committed 11328K, reserved 1114112K
  class space    used 1184K, committed 1280K, reserved 1048576K
}
Event: 1.233 GC heap before
{Heap before GC invocations=1 (full 0):
 garbage-first heap   total 65536K, used 37120K [0x00000000fc000000, 0x0000000100000000)
  region size 1024K, 31 young (31744K), 3 survivors (3072K)
 Metaspace       used 19135K, committed 19456K, reserved 1114112K
  class space    used 2334K, committed 2496K, reserved 1048576K
}
Event: 1.245 GC heap after
{Heap after GC invocations=2 (full 0):
 garbage-first heap   total 65536K, used 13002K [0x00000000fc000000, 0x0000000100000000)
  region size 1024K, 4 young (4096K), 4 survivors (4096K)
 Metaspace       used 19135K, committed 19456K, reserved 1114112K
  class space    used 2334K, committed 2496K, reserved 1048576K
}
Event: 1.818 GC heap before
{Heap before GC invocations=2 (full 0):
 garbage-first heap   total 65536K, used 18122K [0x00000000fc000000, 0x0000000100000000)
  region size 1024K, 10 young (10240K), 4 survivors (4096K)
 Metaspace       used 21180K, committed 21504K, reserved 1114112K
  class space    used 2579K, committed 2752K, reserved 1048576K
}
Event: 1.821 GC heap after
{Heap after GC invocations=3 (full 0):
 garbage-first heap   total 65536K, used 13525K [0x00000000fc000000, 0x0000000100000000)
  region size 1024K, 1 young (1024K), 1 survivors (1024K)
 Metaspace       used 21180K, committed 21504K, reserved 1114112K
  class space    used 2579K, committed 2752K, reserved 1048576K
}

Dll operation events (3 events):
Event: 0.004 Loaded shared library D:\Android Studio\jbr\bin\java.dll
Event: 0.008 Loaded shared library D:\Android Studio\jbr\bin\zip.dll
Event: 0.646 Loaded shared library D:\Android Studio\jbr\bin\verify.dll

Deoptimization events (20 events):
Event: 1.826 Thread 0x000002232709e0f0 Uncommon trap: trap_request=0xffffff45 fr.pc=0x0000022316fade98 relative=0x00000000000000f8
Event: 1.826 Thread 0x000002232709e0f0 Uncommon trap: reason=unstable_if action=reinterpret pc=0x0000022316fade98 method=java.lang.String.getBytes([BIB)V @ 5 c2
Event: 1.826 Thread 0x000002232709e0f0 DEOPT PACKING pc=0x0000022316fade98 sp=0x000000fcee1fef10
Event: 1.826 Thread 0x000002232709e0f0 DEOPT UNPACKING pc=0x0000022316a246a2 sp=0x000000fcee1feed8 mode 2
Event: 1.826 Thread 0x000002232709e0f0 Uncommon trap: trap_request=0xffffff45 fr.pc=0x0000022316fcaff8 relative=0x0000000000000538
Event: 1.826 Thread 0x000002232709e0f0 Uncommon trap: reason=unstable_if action=reinterpret pc=0x0000022316fcaff8 method=java.lang.AbstractStringBuilder.isLatin1()Z @ 10 c2
Event: 1.826 Thread 0x000002232709e0f0 DEOPT PACKING pc=0x0000022316fcaff8 sp=0x000000fcee1ff050
Event: 1.826 Thread 0x000002232709e0f0 DEOPT UNPACKING pc=0x0000022316a246a2 sp=0x000000fcee1feee8 mode 2
Event: 1.826 Thread 0x000002232709e0f0 Uncommon trap: trap_request=0xffffff45 fr.pc=0x00000223170215cc relative=0x00000000000004ec
Event: 1.826 Thread 0x000002232709e0f0 Uncommon trap: reason=unstable_if action=reinterpret pc=0x00000223170215cc method=java.lang.AbstractStringBuilder.isLatin1()Z @ 10 c2
Event: 1.826 Thread 0x000002232709e0f0 DEOPT PACKING pc=0x00000223170215cc sp=0x000000fcee1fefb0
Event: 1.826 Thread 0x000002232709e0f0 DEOPT UNPACKING pc=0x0000022316a246a2 sp=0x000000fcee1fef00 mode 2
Event: 13.211 Thread 0x000002232709e0f0 Uncommon trap: trap_request=0xffffff45 fr.pc=0x0000022316f81268 relative=0x00000000000000c8
Event: 13.211 Thread 0x000002232709e0f0 Uncommon trap: reason=unstable_if action=reinterpret pc=0x0000022316f81268 method=java.lang.String.codePointAt(I)I @ 4 c2
Event: 13.211 Thread 0x000002232709e0f0 DEOPT PACKING pc=0x0000022316f81268 sp=0x000000fcee1feff0
Event: 13.211 Thread 0x000002232709e0f0 DEOPT UNPACKING pc=0x0000022316a246a2 sp=0x000000fcee1fef78 mode 2
Event: 13.211 Thread 0x000002232709e0f0 Uncommon trap: trap_request=0xffffffde fr.pc=0x0000022317022fb4 relative=0x00000000000005f4
Event: 13.211 Thread 0x000002232709e0f0 Uncommon trap: reason=class_check action=maybe_recompile pc=0x0000022317022fb4 method=java.util.regex.Pattern$Start.match(Ljava/util/regex/Matcher;ILjava/lang/CharSequence;)Z @ 44 c2
Event: 13.211 Thread 0x000002232709e0f0 DEOPT PACKING pc=0x0000022317022fb4 sp=0x000000fcee1ff080
Event: 13.211 Thread 0x000002232709e0f0 DEOPT UNPACKING pc=0x0000022316a246a2 sp=0x000000fcee1fefd0 mode 2

Classes loaded (20 events):
Event: 13.251 Loading class sun/nio/ch/Util$2 done
Event: 13.251 Loading class sun/nio/ch/WEPoll
Event: 13.251 Loading class sun/nio/ch/WEPoll done
Event: 13.251 Loading class sun/nio/ch/PipeImpl
Event: 13.251 Loading class java/nio/channels/Pipe
Event: 13.251 Loading class java/nio/channels/Pipe done
Event: 13.251 Loading class sun/nio/ch/PipeImpl done
Event: 13.251 Loading class sun/nio/ch/PipeImpl$Initializer
Event: 13.252 Loading class sun/nio/ch/PipeImpl$Initializer done
Event: 13.252 Loading class sun/nio/ch/PipeImpl$Initializer$LoopbackConnector
Event: 13.252 Loading class sun/nio/ch/PipeImpl$Initializer$LoopbackConnector done
Event: 13.252 Loading class sun/nio/ch/UnixDomainSockets
Event: 13.252 Loading class sun/nio/ch/UnixDomainSockets done
Event: 13.252 Loading class sun/nio/ch/UnixDomainSocketsUtil
Event: 13.252 Loading class sun/nio/ch/UnixDomainSocketsUtil done
Event: 13.252 Loading class sun/net/NetProperties
Event: 13.252 Loading class sun/net/NetProperties done
Event: 13.252 Loading class sun/net/NetProperties$1
Event: 13.252 Loading class sun/net/NetProperties$1 done
Event: 13.277 Loading class sun/security/rsa/SunRsaSign

Classes unloaded (0 events):
No events

Classes redefined (0 events):
No events

Internal exceptions (20 events):
Event: 1.022 Thread 0x000002230a0ef640 Exception <a 'java/lang/NoSuchMethodError'{0x00000000feb38b20}: 'java.lang.Object java.lang.invoke.DirectMethodHandle$Holder.invokeStatic(java.lang.Object, java.lang.Object, java.lang.Object, java.lang.Object, java.lang.Object, java.lang.Object, java.lang.Object, java.lang.Object, java.lang.Object, java.lang.Object, java.lang.Object, java.lang.Object, java.lang.Object, java.lang.Object, java.lang.Object, java.lang.Object)'> (0x00000000feb38b20) 
thrown [s\src\hotspot\share\interpreter\linkResolver.cpp, lin
Event: 1.024 Thread 0x000002230a0ef640 Exception <a 'java/lang/NoSuchMethodError'{0x00000000feb5eee8}: 'java.lang.Object java.lang.invoke.DirectMethodHandle$Holder.invokeStatic(java.lang.Object, java.lang.Object, java.lang.Object, java.lang.Object, java.lang.Object, java.lang.Object, java.lang.Object, java.lang.Object, java.lang.Object, java.lang.Object, java.lang.Object, java.lang.Object, java.lang.Object, java.lang.Object, java.lang.Object, java.lang.Object, java.lang.Object)'> (0x00000000feb5eee8) 
thrown [s\src\hotspot\share\interpreter\lin
Event: 1.026 Thread 0x000002230a0ef640 Exception <a 'java/lang/NoSuchMethodError'{0x00000000feb89860}: 'java.lang.Object java.lang.invoke.DirectMethodHandle$Holder.invokeStatic(java.lang.Object, java.lang.Object, java.lang.Object, java.lang.Object, java.lang.Object, java.lang.Object, java.lang.Object, java.lang.Object, java.lang.Object, java.lang.Object, java.lang.Object, java.lang.Object, java.lang.Object, java.lang.Object, java.lang.Object, java.lang.Object, java.lang.Object, java.lang.Object)'> (0x00000000feb89860) 
thrown [s\src\hotspot\sha
Event: 1.027 Thread 0x000002230a0ef640 Exception <a 'java/lang/NoSuchMethodError'{0x00000000febb1ef8}: 'java.lang.Object java.lang.invoke.DirectMethodHandle$Holder.invokeStatic(java.lang.Object, java.lang.Object, java.lang.Object, java.lang.Object, java.lang.Object, java.lang.Object, java.lang.Object, java.lang.Object, java.lang.Object, java.lang.Object, java.lang.Object, java.lang.Object, java.lang.Object, java.lang.Object, java.lang.Object, java.lang.Object, java.lang.Object, java.lang.Object, java.lang.Object)'> (0x00000000febb1ef8) 
thrown 
Event: 1.028 Thread 0x000002230a0ef640 Exception <a 'java/lang/NoSuchMethodError'{0x00000000febdba80}: 'java.lang.Object java.lang.invoke.DirectMethodHandle$Holder.invokeStatic(java.lang.Object, java.lang.Object, java.lang.Object, java.lang.Object, java.lang.Object, java.lang.Object, java.lang.Object, java.lang.Object, java.lang.Object, java.lang.Object, java.lang.Object, java.lang.Object, java.lang.Object, java.lang.Object, java.lang.Object, java.lang.Object, java.lang.Object, java.lang.Object, java.lang.Object, java.lang.Object)'> (0x00000000
Event: 1.029 Thread 0x000002230a0ef640 Exception <a 'java/lang/NoSuchMethodError'{0x00000000fea06180}: 'java.lang.Object java.lang.invoke.DirectMethodHandle$Holder.invokeStatic(java.lang.Object, java.lang.Object, java.lang.Object, java.lang.Object, java.lang.Object, java.lang.Object, java.lang.Object, java.lang.Object, java.lang.Object, java.lang.Object, java.lang.Object, java.lang.Object, java.lang.Object, java.lang.Object, java.lang.Object, java.lang.Object, java.lang.Object, java.lang.Object, java.lang.Object, java.lang.Object, java.lang.Obj
Event: 1.030 Thread 0x000002230a0ef640 Exception <a 'java/lang/NoSuchMethodError'{0x00000000fea31388}: 'java.lang.Object java.lang.invoke.DirectMethodHandle$Holder.invokeStatic(java.lang.Object, java.lang.Object, java.lang.Object, java.lang.Object, java.lang.Object, java.lang.Object, java.lang.Object, java.lang.Object, java.lang.Object, java.lang.Object, java.lang.Object, java.lang.Object, java.lang.Object, java.lang.Object, java.lang.Object, java.lang.Object, java.lang.Object, java.lang.Object, java.lang.Object, java.lang.Object, java.lang.Obj
Event: 1.031 Thread 0x000002230a0ef640 Exception <a 'java/lang/NoSuchMethodError'{0x00000000fea5ce98}: 'java.lang.Object java.lang.invoke.DirectMethodHandle$Holder.invokeStatic(java.lang.Object, java.lang.Object, java.lang.Object, java.lang.Object, java.lang.Object, java.lang.Object, java.lang.Object, java.lang.Object, java.lang.Object, java.lang.Object, java.lang.Object, java.lang.Object, java.lang.Object, java.lang.Object, java.lang.Object, java.lang.Object, java.lang.Object, java.lang.Object, java.lang.Object, java.lang.Object, java.lang.Obj
Event: 1.032 Thread 0x000002230a0ef640 Exception <a 'java/lang/NoSuchMethodError'{0x00000000fea8a768}: 'java.lang.Object java.lang.invoke.DirectMethodHandle$Holder.invokeStatic(java.lang.Object, java.lang.Object, java.lang.Object, java.lang.Object, java.lang.Object, java.lang.Object, java.lang.Object, java.lang.Object, java.lang.Object, java.lang.Object, java.lang.Object, java.lang.Object, java.lang.Object, java.lang.Object, java.lang.Object, java.lang.Object, java.lang.Object, java.lang.Object, java.lang.Object, java.lang.Object, java.lang.Obj
Event: 1.043 Thread 0x000002230a0ef640 Exception <a 'java/lang/NoSuchMethodError'{0x00000000fe920ea8}: 'long java.lang.invoke.DirectMethodHandle$Holder.invokeInterface(java.lang.Object, java.lang.Object)'> (0x00000000fe920ea8) 
thrown [s\src\hotspot\share\interpreter\linkResolver.cpp, line 784]
Event: 1.068 Thread 0x000002230a0ef640 Exception <a 'java/lang/NoSuchMethodError'{0x00000000fe576ba8}: 'java.lang.Object java.lang.invoke.DirectMethodHandle$Holder.invokeSpecialIFC(java.lang.Object, java.lang.Object, java.lang.Object, java.lang.Object)'> (0x00000000fe576ba8) 
thrown [s\src\hotspot\share\interpreter\linkResolver.cpp, line 784]
Event: 1.085 Thread 0x000002230a0ef640 Exception <a 'java/lang/NoSuchMethodError'{0x00000000fe48bf28}: 'java.lang.Object java.lang.invoke.DirectMethodHandle$Holder.newInvokeSpecial(java.lang.Object, java.lang.Object, java.lang.Object, java.lang.Object, int)'> (0x00000000fe48bf28) 
thrown [s\src\hotspot\share\interpreter\linkResolver.cpp, line 784]
Event: 1.085 Thread 0x000002230a0ef640 Exception <a 'java/lang/NoSuchMethodError'{0x00000000fe4902b0}: 'java.lang.Object java.lang.invoke.DirectMethodHandle$Holder.invokeSpecial(java.lang.Object, java.lang.Object, java.lang.Object, java.lang.Object, java.lang.Object, int)'> (0x00000000fe4902b0) 
thrown [s\src\hotspot\share\interpreter\linkResolver.cpp, line 784]
Event: 1.086 Thread 0x000002230a0ef640 Exception <a 'java/lang/NoSuchMethodError'{0x00000000fe493d40}: 'java.lang.Object java.lang.invoke.Invokers$Holder.linkToTargetMethod(java.lang.Object, java.lang.Object, java.lang.Object, int, java.lang.Object)'> (0x00000000fe493d40) 
thrown [s\src\hotspot\share\interpreter\linkResolver.cpp, line 784]
Event: 1.088 Thread 0x000002230a0ef640 Exception <a 'java/lang/IncompatibleClassChangeError'{0x00000000fe4b1e70}: Found class java.lang.Object, but interface was expected> (0x00000000fe4b1e70) 
thrown [s\src\hotspot\share\interpreter\linkResolver.cpp, line 851]
Event: 1.273 Thread 0x000002232722b020 Exception <a 'java/lang/NoSuchMethodError'{0x00000000fffb10f0}: 'void java.lang.invoke.DirectMethodHandle$Holder.invokeStatic(java.lang.Object, long)'> (0x00000000fffb10f0) 
thrown [s\src\hotspot\share\interpreter\linkResolver.cpp, line 784]
Event: 1.518 Thread 0x000002232722b020 Exception <a 'java/lang/NoSuchMethodError'{0x00000000fffe3710}: 'void java.lang.invoke.DirectMethodHandle$Holder.invokeSpecial(java.lang.Object, java.lang.Object, int)'> (0x00000000fffe3710) 
thrown [s\src\hotspot\share\interpreter\linkResolver.cpp, line 784]
Event: 1.518 Thread 0x000002232722b020 Exception <a 'java/lang/NoSuchMethodError'{0x00000000fffe8d20}: 'java.lang.Object java.lang.invoke.DirectMethodHandle$Holder.newInvokeSpecial(java.lang.Object, java.lang.Object, int)'> (0x00000000fffe8d20) 
thrown [s\src\hotspot\share\interpreter\linkResolver.cpp, line 784]
Event: 1.531 Thread 0x000002230a0ef640 Exception <a 'java/lang/NoSuchMethodError'{0x00000000ffe93498}: 'java.lang.Object java.lang.invoke.DirectMethodHandle$Holder.newInvokeSpecial(java.lang.Object, int, java.lang.Object)'> (0x00000000ffe93498) 
thrown [s\src\hotspot\share\interpreter\linkResolver.cpp, line 784]
Event: 1.721 Thread 0x000002230a0ef640 Exception <a 'java/lang/NoSuchMethodError'{0x00000000ffb38c00}: 'int java.lang.invoke.DirectMethodHandle$Holder.invokeSpecialIFC(java.lang.Object, java.lang.Object, java.lang.Object, java.lang.Object, java.lang.Object)'> (0x00000000ffb38c00) 
thrown [s\src\hotspot\share\interpreter\linkResolver.cpp, line 784]

ZGC Phase Switch (0 events):
No events

VM Operations (20 events):
Event: 0.590 Executing VM operation: HandshakeAllThreads (Deoptimize)
Event: 0.590 Executing VM operation: HandshakeAllThreads (Deoptimize) done
Event: 0.810 Executing VM operation: HandshakeAllThreads (Deoptimize)
Event: 0.810 Executing VM operation: HandshakeAllThreads (Deoptimize) done
Event: 1.233 Executing VM operation: G1CollectForAllocation (G1 Evacuation Pause)
Event: 1.245 Executing VM operation: G1CollectForAllocation (G1 Evacuation Pause) done
Event: 1.275 Executing VM operation: HandshakeAllThreads (Deoptimize)
Event: 1.275 Executing VM operation: HandshakeAllThreads (Deoptimize) done
Event: 1.751 Executing VM operation: HandshakeAllThreads (Deoptimize)
Event: 1.751 Executing VM operation: HandshakeAllThreads (Deoptimize) done
Event: 1.818 Executing VM operation: CollectForMetadataAllocation (Metadata GC Threshold)
Event: 1.821 Executing VM operation: CollectForMetadataAllocation (Metadata GC Threshold) done
Event: 1.822 Executing VM operation: HandshakeAllThreads (Deoptimize)
Event: 1.822 Executing VM operation: HandshakeAllThreads (Deoptimize) done
Event: 1.825 Executing VM operation: G1PauseRemark
Event: 1.826 Executing VM operation: G1PauseRemark done
Event: 1.828 Executing VM operation: G1PauseCleanup
Event: 1.828 Executing VM operation: G1PauseCleanup done
Event: 12.879 Executing VM operation: Cleanup
Event: 12.879 Executing VM operation: Cleanup done

Memory protections (0 events):
No events

Nmethod flushes (0 events):
No events

Events (20 events):
Event: 1.092 Thread 0x000002230a0ef640 Thread added: 0x0000022326f5a960
Event: 1.092 Thread 0x0000022326f5a960 Thread added: 0x0000022326f81320
Event: 1.093 Thread 0x0000022326f5a960 Thread added: 0x0000022326f7c180
Event: 1.093 Thread 0x0000022326f81320 Thread added: 0x0000022326f7cbc0
Event: 1.093 Thread 0x0000022326f7c180 Thread added: 0x0000022326f7d230
Event: 1.093 Thread 0x0000022326f81320 Thread added: 0x0000022326f7d8a0
Event: 1.093 Thread 0x0000022326f7c180 Thread added: 0x0000022326f7e2e0
Event: 1.231 Thread 0x0000022326fe7690 Thread exited: 0x0000022326fe7690
Event: 1.250 Thread 0x000002230a0ef640 Thread added: 0x000002232722b020
Event: 1.250 Thread 0x0000022326f7d230 Thread added: 0x000002232722b6b0
Event: 1.282 Thread 0x000002232722b020 Thread added: 0x000002232722a990
Event: 1.282 Thread 0x000002232722b020 Thread added: 0x000002232722bd40
Event: 1.318 Thread 0x000002232722b6b0 Thread added: 0x000002232709fb30
Event: 1.318 Thread 0x000002232722b6b0 Thread added: 0x000002232709cd40
Event: 1.746 Thread 0x000002230a0ef640 Thread added: 0x000002232709e0f0
Event: 1.750 Thread 0x000002232709e0f0 Thread added: 0x000002232709ee10
Event: 1.750 Thread 0x000002232709e0f0 Thread added: 0x000002232709d3d0
Event: 1.751 Thread 0x000002232709ee10 Thread exited: 0x000002232709ee10
Event: 13.213 Thread 0x000002232709e0f0 Thread exited: 0x000002232709e0f0
Event: 13.213 Thread 0x000002232709d3d0 Thread exited: 0x000002232709d3d0


Dynamic libraries:
0x00007ff61b5f0000 - 0x00007ff61b5fa000 	D:\Android Studio\jbr\bin\java.exe
0x00007ffd85750000 - 0x00007ffd85948000 	C:\Windows\SYSTEM32\ntdll.dll
0x00007ffd83b80000 - 0x00007ffd83c3d000 	C:\Windows\System32\KERNEL32.DLL
0x00007ffd830c0000 - 0x00007ffd833b6000 	C:\Windows\System32\KERNELBASE.dll
0x00007ffd82fc0000 - 0x00007ffd830c0000 	C:\Windows\System32\ucrtbase.dll
0x00007ffd61530000 - 0x00007ffd61548000 	D:\Android Studio\jbr\bin\jli.dll
0x00007ffd61510000 - 0x00007ffd6152b000 	D:\Android Studio\jbr\bin\VCRUNTIME140.dll
0x00007ffd85460000 - 0x00007ffd855ff000 	C:\Windows\System32\USER32.dll
0x00007ffd82f90000 - 0x00007ffd82fb2000 	C:\Windows\System32\win32u.dll
0x00007ffd5eb60000 - 0x00007ffd5edfa000 	C:\Windows\WinSxS\amd64_microsoft.windows.common-controls_6595b64144ccf1df_6.0.19041.3636_none_60b6a03d71f818d5\COMCTL32.dll
0x00007ffd84890000 - 0x00007ffd848bb000 	C:\Windows\System32\GDI32.dll
0x00007ffd84930000 - 0x00007ffd849ce000 	C:\Windows\System32\msvcrt.dll
0x00007ffd82e00000 - 0x00007ffd82f17000 	C:\Windows\System32\gdi32full.dll
0x00007ffd836e0000 - 0x00007ffd8377d000 	C:\Windows\System32\msvcp_win.dll
0x00007ffd84430000 - 0x00007ffd84462000 	C:\Windows\System32\IMM32.DLL
0x00007ffd7dfb0000 - 0x00007ffd7dfbc000 	D:\Android Studio\jbr\bin\vcruntime140_1.dll
0x00007ffd61480000 - 0x00007ffd6150d000 	D:\Android Studio\jbr\bin\msvcp140.dll
0x00007ffd03e50000 - 0x00007ffd04ae6000 	D:\Android Studio\jbr\bin\server\jvm.dll
0x00007ffd83a00000 - 0x00007ffd83ab0000 	C:\Windows\System32\ADVAPI32.dll
0x00007ffd83960000 - 0x00007ffd83a00000 	C:\Windows\System32\sechost.dll
0x00007ffd84b60000 - 0x00007ffd84c83000 	C:\Windows\System32\RPCRT4.dll
0x00007ffd83660000 - 0x00007ffd83687000 	C:\Windows\System32\bcrypt.dll
0x00007ffd848c0000 - 0x00007ffd8492b000 	C:\Windows\System32\WS2_32.dll
0x00007ffd82350000 - 0x00007ffd8239b000 	C:\Windows\SYSTEM32\POWRPROF.dll
0x00007ffd80d50000 - 0x00007ffd80d5a000 	C:\Windows\SYSTEM32\VERSION.dll
0x00007ffd76a80000 - 0x00007ffd76aa7000 	C:\Windows\SYSTEM32\WINMM.dll
0x00007ffd821c0000 - 0x00007ffd821d2000 	C:\Windows\SYSTEM32\UMPDC.dll
0x00007ffd81600000 - 0x00007ffd81612000 	C:\Windows\SYSTEM32\kernel.appcore.dll
0x00007ffd6cde0000 - 0x00007ffd6cdea000 	D:\Android Studio\jbr\bin\jimage.dll
0x00007ffd7a2a0000 - 0x00007ffd7a484000 	C:\Windows\SYSTEM32\DBGHELP.DLL
0x00007ffd607e0000 - 0x00007ffd60814000 	C:\Windows\SYSTEM32\dbgcore.DLL
0x00007ffd833c0000 - 0x00007ffd83442000 	C:\Windows\System32\bcryptPrimitives.dll
0x00007ffd61430000 - 0x00007ffd61450000 	D:\Android Studio\jbr\bin\java.dll
0x00007ffd61410000 - 0x00007ffd61428000 	D:\Android Studio\jbr\bin\zip.dll
0x00007ffd84cf0000 - 0x00007ffd8545b000 	C:\Windows\System32\SHELL32.dll
0x00007ffd80e50000 - 0x00007ffd815ee000 	C:\Windows\SYSTEM32\windows.storage.dll
0x00007ffd840d0000 - 0x00007ffd84423000 	C:\Windows\System32\combase.dll
0x00007ffd82750000 - 0x00007ffd8277e000 	C:\Windows\SYSTEM32\Wldp.dll
0x00007ffd83ab0000 - 0x00007ffd83b7d000 	C:\Windows\System32\OLEAUT32.dll
0x00007ffd847e0000 - 0x00007ffd8488d000 	C:\Windows\System32\SHCORE.dll
0x00007ffd849e0000 - 0x00007ffd84a35000 	C:\Windows\System32\shlwapi.dll
0x00007ffd82d30000 - 0x00007ffd82d53000 	C:\Windows\SYSTEM32\profapi.dll
0x00007ffd62700000 - 0x00007ffd62710000 	D:\Android Studio\jbr\bin\net.dll
0x00007ffd7c340000 - 0x00007ffd7c44a000 	C:\Windows\SYSTEM32\WINHTTP.dll
0x00007ffd82530000 - 0x00007ffd8259a000 	C:\Windows\system32\mswsock.dll
0x00007ffd613f0000 - 0x00007ffd61406000 	D:\Android Studio\jbr\bin\nio.dll
0x00007ffd61470000 - 0x00007ffd61479000 	D:\Android Studio\jbr\bin\management.dll
0x00007ffd613e0000 - 0x00007ffd613eb000 	D:\Android Studio\jbr\bin\management_ext.dll
0x00007ffd849d0000 - 0x00007ffd849d8000 	C:\Windows\System32\PSAPI.DLL
0x00007ffd55f40000 - 0x00007ffd55f67000 	C:\Users\User\.gradle\native\660c5614fbf4a5f2a75b1949f50a0caf5cd603558e7d8a26e50b933a0cfb79d1\windows-amd64\native-platform.dll
0x00007ffd55f10000 - 0x00007ffd55f34000 	C:\Users\User\.gradle\native\jansi\2.4.2\Windows\x86_64\jansi.dll
0x00007ffd613d0000 - 0x00007ffd613e0000 	D:\Android Studio\jbr\bin\verify.dll
0x00007ffd82790000 - 0x00007ffd827a8000 	C:\Windows\SYSTEM32\CRYPTSP.dll
0x00007ffd81e00000 - 0x00007ffd81e34000 	C:\Windows\system32\rsaenh.dll
0x00007ffd82cb0000 - 0x00007ffd82cde000 	C:\Windows\SYSTEM32\USERENV.dll
0x00007ffd826c0000 - 0x00007ffd826cc000 	C:\Windows\SYSTEM32\CRYPTBASE.dll
0x00007ffd821e0000 - 0x00007ffd8221b000 	C:\Windows\SYSTEM32\IPHLPAPI.DLL
0x00007ffd84470000 - 0x00007ffd84478000 	C:\Windows\System32\NSI.dll
0x00007ffd61120000 - 0x00007ffd61129000 	D:\Android Studio\jbr\bin\extnet.dll

JVMTI agents: none

dbghelp: loaded successfully - version: 4.0.5 - missing functions: none
symbol engine: initialized successfully - sym options: 0x614 - pdb path: .;D:\Android Studio\jbr\bin;C:\Windows\SYSTEM32;C:\Windows\WinSxS\amd64_microsoft.windows.common-controls_6595b64144ccf1df_6.0.19041.3636_none_60b6a03d71f818d5;D:\Android Studio\jbr\bin\server;C:\Users\User\.gradle\native\660c5614fbf4a5f2a75b1949f50a0caf5cd603558e7d8a26e50b933a0cfb79d1\windows-amd64;C:\Users\User\.gradle\native\jansi\2.4.2\Windows\x86_64

VM Arguments:
jvm_args: -Xmx64m -Xms64m -Dorg.gradle.appname=gradlew 
java_command: C:\APUMIR\p2p-messenger\android-app\\gradle\wrapper\gradle-wrapper.jar :app:assembleDebug --no-daemon
java_class_path (initial): C:\APUMIR\p2p-messenger\android-app\\gradle\wrapper\gradle-wrapper.jar
Launcher Type: SUN_STANDARD

[Global flags]
     intx CICompilerCount                          = 4                                         {product} {ergonomic}
     uint ConcGCThreads                            = 2                                         {product} {ergonomic}
     uint G1ConcRefinementThreads                  = 8                                         {product} {ergonomic}
   size_t G1HeapRegionSize                         = 1048576                                   {product} {ergonomic}
    uintx GCDrainStackTargetSize                   = 64                                        {product} {ergonomic}
   size_t InitialHeapSize                          = 67108864                                  {product} {command line}
   size_t MarkStackSize                            = 4194304                                   {product} {ergonomic}
   size_t MaxHeapSize                              = 67108864                                  {product} {command line}
   size_t MaxNewSize                               = 39845888                                  {product} {ergonomic}
   size_t MinHeapDeltaBytes                        = 1048576                                   {product} {ergonomic}
   size_t MinHeapSize                              = 67108864                                  {product} {command line}
    uintx NonNMethodCodeHeapSize                   = 5839372                                {pd product} {ergonomic}
    uintx NonProfiledCodeHeapSize                  = 122909434                              {pd product} {ergonomic}
    uintx ProfiledCodeHeapSize                     = 122909434                              {pd product} {ergonomic}
    uintx ReservedCodeCacheSize                    = 251658240                              {pd product} {ergonomic}
     bool SegmentedCodeCache                       = true                                      {product} {ergonomic}
   size_t SoftMaxHeapSize                          = 67108864                               {manageable} {ergonomic}
     bool UseCompressedOops                        = true                           {product lp64_product} {ergonomic}
     bool UseG1GC                                  = true                                      {product} {ergonomic}
     bool UseLargePagesIndividualAllocation        = false                                  {pd product} {ergonomic}

Logging:
Log output configuration:
 #0: stdout all=warning uptime,level,tags foldmultilines=false
 #1: stderr all=off uptime,level,tags foldmultilines=false

Environment Variables:
JAVA_HOME=D:\Android Studio\jbr
PATH=C:\Program Files\Eclipse Adoptium\jdk-25.0.3.9-hotspot\bin;C:\Program Files\Eclipse Adoptium\jdk-17.0.17.10-hotspot\bin;C:\ProgramData\Oracle\Java\javapath;C:\Windows\system32;C:\Windows;C:\Windows\System32\Wbem;C:\Windows\System32\WindowsPowerShell\v1.0\;C:\Windows\System32\OpenSSH\;C:\Program Files\7-Zip;C:\Program Files\WireGuard\;C:\Program Files\dotnet\;D:\JS\;C:\Program Files\Docker\Docker\resources\bin;C:\Program Files\Microsoft SQL Server\170\Tools\Binn\;C:\Program Files\Microsoft SQL Server\Client SDK\ODBC\170\Tools\Binn\;D:\src\flutter\bin;C:\Program Files\Git\cmd;C:\Program Files\Eclipse Adoptium\jdk-17.0.17.10-hotspot\bin;C:\ProgramData\Oracle\Java\javapath;C:\Windows\system32;C:\Windows;C:\Windows\System32\Wbem;C:\Windows\System32\WindowsPowerShell\v1.0\;C:\Windows\System32\OpenSSH\;C:\Program Files\7-Zip;C:\Program Files\WireGuard\;C:\Program Files\dotnet\;D:\JS\;C:\Program Files\Docker\Docker\resources\bin;C:\Program Files\Microsoft SQL Server\170\Tools\Binn\;C:\Program Files\Microsoft SQL Server\Client SDK\ODBC\170\Tools\Binn\;C:\Program Files\Eclipse Adoptium\jdk-17.0.17.10-hotspot\bin;C:\ProgramData\Oracle\Java\javapath;C:\Windows\system32;C:\Windows;C:\Windows\System32\Wbem;C:\Windows\System32\WindowsPowerShell\v1.0\;C:\Windows\System32\OpenSSH\;C:\Program Files\7-Zip;C:\Program Files\WireGuard\;C:\Program Files\dotnet\;D:\JS\;C:\Program Files\Docker\Docker\resources\bin;C:\Program Files\Microsoft SQL Server\170\Tools\Binn\;C:\Program Files\Microsoft SQL Server\Client SDK\ODBC\170\Tools\Binn\;C:\Program Files\Git\cmd;C:\Users\User\.cargo\bin;C:\Users\User\AppData\Local\Microsoft\WindowsApps;C:\Program Files\JetBrains\PyCharm Community Edition 2022.3.2\bin;C:\Users\User\AppData\Local\Programs\cursor\resources\app\bin;C:\Users\User\.lmstudio\bin;D:\VS_CODE\bin;C:\Users\User\AppData\Roaming\npm;C:\Users\User\AppData\Local\Python\bin;C:\Users\User\.dotnet\tools;C:\Users\User\AppData\Local\Android\Sdk\ndk\30.0.15729638;C:\Users\User\AppData\Local\Android\Sdk\platform-tools;
USERNAME=User
OS=Windows_NT
PROCESSOR_IDENTIFIER=Intel64 Family 6 Model 158 Stepping 9, GenuineIntel
TMP=C:\Users\User\AppData\Local\Temp
TEMP=C:\Users\User\AppData\Local\Temp




Periodic native trim disabled

JNI global refs:
JNI global refs: 20, weak refs: 0

JNI global refs memory usage: 835, weak refs: 833

Process memory usage:
Resident Set Size: 118988K (0% of 16736020K total physical memory with 9654896K free physical memory)

OOME stack traces (most recent first):
Classloader memory used:
Loader bootstrap                                                                       : 13917K
Loader org.gradle.internal.classloader.VisitableURLClassLoader                         : 7513K
Loader java.net.URLClassLoader                                                         : 186K
Loader jdk.internal.loader.ClassLoaders$AppClassLoader                                 : 100K
Loader jdk.internal.loader.ClassLoaders$PlatformClassLoader                            : 39112B

Classes loaded by more than one classloader:
Class org.gradle.cli.CommandLineParser                                                : loaded 2 times (x 79B)
Class org.gradle.internal.service.UnknownServiceException                             : loaded 2 times (x 83B)
Class org.gradle.cli.CommandLineArgumentException                                     : loaded 2 times (x 82B)
Class org.gradle.cli.CommandLineParser$KnownOptionParserState                         : loaded 2 times (x 76B)
Class org.gradle.api.internal.classpath.DefaultModuleRegistry$DefaultModule           : loaded 2 times (x 82B)
Class org.gradle.api.internal.classpath.Module                                        : loaded 2 times (x 70B)
Class org.gradle.api.internal.classpath.UnknownModuleException                        : loaded 2 times (x 82B)
Class org.gradle.internal.classpath.DefaultClassPath$ImmutableUniqueList              : loaded 2 times (x 199B)
Class org.gradle.cli.CommandLineParser$OptionAwareParserState                         : loaded 2 times (x 77B)
Class org.gradle.cli.ParsedCommandLine                                                : loaded 2 times (x 80B)
Class org.gradle.internal.classpath.ClassPath                                         : loaded 2 times (x 70B)
Class org.gradle.cli.CommandLineParser$UnknownOptionParserState                       : loaded 2 times (x 76B)
Class org.gradle.cli.ParsedCommandLineOption                                          : loaded 2 times (x 76B)
Class org.gradle.api.internal.classpath.ModuleRegistry                                : loaded 2 times (x 70B)
Class org.gradle.internal.installation.GradleInstallation$1                           : loaded 2 times (x 75B)
Class org.gradle.api.internal.classpath.DefaultModuleRegistry                         : loaded 2 times (x 84B)
Class org.gradle.cli.CommandLineOption                                                : loaded 2 times (x 88B)
Class org.gradle.cli.CommandLineParser$BeforeFirstSubCommand                          : loaded 2 times (x 77B)
Class org.gradle.internal.service.ServiceLookupException                              : loaded 2 times (x 82B)
Class org.gradle.cli.CommandLineParser$OptionParserState                              : loaded 2 times (x 75B)
Class org.gradle.internal.classloader.ClasspathUtil                                   : loaded 2 times (x 71B)
Class org.gradle.api.specs.Spec                                                       : loaded 2 times (x 70B)
Class org.gradle.internal.classpath.DefaultClassPath                                  : loaded 2 times (x 90B)
Class org.gradle.api.internal.classpath.Module$ModuleAlias                            : loaded 2 times (x 70B)
Class org.gradle.internal.Cast                                                        : loaded 2 times (x 71B)
Class org.gradle.api.Action                                                           : loaded 2 times (x 70B)
Class org.gradle.internal.classpath.DefaultClassPath$ImmutableUniqueList$Builder      : loaded 2 times (x 75B)
Class org.gradle.api.GradleException                                                  : loaded 2 times (x 82B)
Class org.gradle.internal.IoActions                                                   : loaded 2 times (x 71B)
Class org.gradle.cli.CommandLineParser$ParserState                                    : loaded 2 times (x 76B)
Class org.gradle.internal.installation.CurrentGradleInstallationLocator               : loaded 2 times (x 71B)
Class org.gradle.internal.installation.CurrentGradleInstallation                      : loaded 2 times (x 73B)
Class org.gradle.util.internal.GUtil                                                  : loaded 2 times (x 71B)
Class org.gradle.cli.CommandLineParser$AfterOptions                                   : loaded 2 times (x 77B)
Class org.gradle.internal.installation.GradleInstallation                             : loaded 2 times (x 75B)

---------------  S Y S T E M  ---------------

OS:
 Windows 10 , 64 bit Build 19041 (10.0.19041.3636)
OS uptime: 0 days 0:35 hours
Hyper-V role detected

CPU: total 8 (initial active 8) (4 cores per cpu, 2 threads per core) family 6 model 158 stepping 9 microcode 0xb4, cx8, cmov, fxsr, ht, mmx, 3dnowpref, sse, sse2, sse3, ssse3, sse4.1, sse4.2, popcnt, lzcnt, tsc, tscinvbit, avx, avx2, aes, erms, clmul, bmi1, bmi2, rtm, adx, fma, vzeroupper, clflush, clflushopt, hv, rdtscp, f16c
Processor Information for the first 8 processors :
  Max Mhz: 3601, Current Mhz: 3601, Mhz Limit: 3601

Memory: 4k page, system-wide physical 16343M (9428M free)
TotalPageFile size 32727M (AvailPageFile size 23487M)
current process WorkingSet (physical memory assigned to process): 116M, peak: 119M
current process commit charge ("private bytes"): 172M, peak: 175M

vm_info: OpenJDK 64-Bit Server VM (21.0.8+-14196175-b1038.72) for windows-amd64 JRE (21.0.8+-14196175-b1038.72), built on 2025-10-01T10:24:33Z by "builder" with MS VC++ 16.10 / 16.11 (VS2019)

END.
